<html>
<body>
<pre>
<h1>µVision Build Log</h1>
<h2>Tool Versions:</h2>
IDE-Version: µVision V5.41.0.0
Copyright (C) 2024 ARM Ltd and ARM Germany GmbH. All rights reserved.
License Information: Andrea Pedrini, University of Trento, LIC=----
 
Tool Versions:
Toolchain:       MDK-Lite  Version: 5.41.0.0
Toolchain Path:  C:\Users\andre\AppData\Local\Keil_v5\ARM\ARMCompiler_506_Windows_x86_b960\Bin
C Compiler:      Armcc.exe V5.06 update 7 (build 960)
Assembler:       Armasm.exe V5.06 update 7 (build 960)
Linker/Locator:  ArmLink.exe V5.06 update 7 (build 960)
Library Manager: ArmAr.exe V5.06 update 7 (build 960)
Hex Converter:   FromElf.exe V5.06 update 7 (build 960)
CPU DLL:         SARMCM3.DLL V5.41.0.0
Dialog DLL:      DCM.DLL V1.17.5.0
Target DLL:      Segger\JL2CM3.dll V2.99.45.0
Dialog DLL:      TCM.DLL V1.56.4.0
 
<h2>Project:</h2>
C:\Users\andre\Desktop\Internship\Apollo4\AmbiqSuite_R4.4.1\boards\apollo4l_blue_evb\examples\peripherals\apollo4_project\keil\apollo4_project.uvprojx
Project File Date:  01/20/2025

<h2>Output:</h2>
*** Using Compiler 'V5.06 update 7 (build 960)', folder: 'C:\Users\andre\AppData\Local\Keil_v5\ARM\ARMCompiler_506_Windows_x86_b960\Bin'
Rebuild target 'apollo4_project'
compiling am_util_string.c...
compiling startup_keil.s...
compiling am_util_stdio.c...
compiling am_util_id.c...
compiling apollo4_project.c...
..\src\apollo4_project.c(116): warning:  #177-D: variable "x_cpy_addr"  was declared but never referenced
  		uint32_t *x_cpy_addr = &x_cpy;
..\src\apollo4_project.c: 1 warning, 0 errors
compiling am_util_delay.c...
compiling am_resources.c...
linking...
.\linker_script.sct(18): warning: L6314W: No section matches pattern *.o(.ramfunc).
Program Size: Code=11308 RO-data=720 RW-data=200 ZI-data=8016  
Finished: 0 information, 1 warning and 0 error messages.
After Build - User command #1: fromelf --bin --output bin\hello_world.bin bin\hello_world.axf
"bin\hello_world.axf": Error: Q0122E: Could not open file 'bin\hello_world.axf': No such file or directory
Finished: 0 information, 0 warning and 1 error messages.
After Build - User command #2: fromelf -cedrst --output bin\hello_world.txt bin\hello_world.axf
"bin\hello_world.axf": Error: Q0122E: Could not open file 'bin\hello_world.axf': No such file or directory
Finished: 0 information, 0 warning and 1 error messages.
".\bin\apollo4_project.axf" - 0 Error(s), 2 Warning(s).

<h2>Software Packages used:</h2>

Package Vendor: AmbiqMicro
                https://download.ambiq.com/packs/AmbiqMicro.Apollo_DFP.1.4.1.pack
                AmbiqMicro::Apollo_DFP@1.4.1
                Ambiq Apollo Series Device Support

<h2>Collection of Component include folders:</h2>
  C:/Users/andre/AppData/Local/Arm/Packs/AmbiqMicro/Apollo_DFP/1.4.1/Device/Include

<h2>Collection of Component Files used:</h2>
Build Time Elapsed:  00:00:09
</pre>
</body>
</html>
