Component: ARM Compiler 5.06 update 7 (build 960) Tool: armlink [4d3601]

==============================================================================

Section Cross References

    am_resources.o(.constdata) refers to am_resources.o(SHARED_RW) for ui32MCUClaimed
    am_resources.o(RESOURCE_TABLE) refers to am_resources.o(.constdata) for sGlobalAccess
    apollo4_project.o(i.main) refers to am_hal_cachectrl.o(i.am_hal_cachectrl_config) for am_hal_cachectrl_config
    apollo4_project.o(i.main) refers to am_hal_cachectrl.o(i.am_hal_cachectrl_enable) for am_hal_cachectrl_enable
    apollo4_project.o(i.main) refers to am_bsp.o(i.am_bsp_low_power_init) for am_bsp_low_power_init
    apollo4_project.o(i.main) refers to am_bsp.o(i.am_bsp_debug_printf_enable) for am_bsp_debug_printf_enable
    apollo4_project.o(i.main) refers to am_util_stdio.o(i.am_util_stdio_terminal_clear) for am_util_stdio_terminal_clear
    apollo4_project.o(i.main) refers to am_util_stdio.o(i.am_util_stdio_printf) for am_util_stdio_printf
    apollo4_project.o(i.main) refers to am_hal_mram.o(i.am_hal_mram_main_program) for am_hal_mram_main_program
    apollo4_project.o(i.main) refers to am_bsp.o(i.am_bsp_debug_printf_disable) for am_bsp_debug_printf_disable
    apollo4_project.o(i.main) refers to am_hal_sysctrl.o(i.am_hal_sysctrl_sleep) for am_hal_sysctrl_sleep
    apollo4_project.o(i.main) refers to apollo4_project.o(_nv) for x
    apollo4_project.o(i.main) refers to am_hal_cachectrl.o(.constdata) for am_hal_cachectrl_defaults
    apollo4_project.o(i.main) refers to apollo4_project.o(.bss) for mram_data
    apollo4_project.o(i.main) refers to apollo4_project.o(.data) for returnCode
    am_util_delay.o(i.am_util_delay_cycles) refers to am_hal_utils.o(i.am_hal_delay_us) for am_hal_delay_us
    am_util_delay.o(i.am_util_delay_ms) refers to am_hal_utils.o(i.am_hal_delay_us) for am_hal_delay_us
    am_util_delay.o(i.am_util_delay_us) refers to am_hal_utils.o(i.am_hal_delay_us) for am_hal_delay_us
    am_util_id.o(i.am_util_id_device) refers to am_hal_mcuctrl.o(i.am_hal_mcuctrl_info_get) for am_hal_mcuctrl_info_get
    am_util_id.o(i.am_util_id_device) refers to am_util_id.o(i.revmaj_get) for revmaj_get
    am_util_id.o(i.am_util_id_device) refers to am_util_id.o(i.chiprev_set) for chiprev_set
    am_util_id.o(i.am_util_id_device) refers to am_util_id.o(.constdata) for g_ui8DeviceNameUnknown
    am_util_stdio.o(i.am_util_stdio_printf) refers to am_util_stdio.o(i.am_util_stdio_vsprintf) for am_util_stdio_vsprintf
    am_util_stdio.o(i.am_util_stdio_printf) refers to am_util_stdio.o(.data) for g_pfnCharPrint
    am_util_stdio.o(i.am_util_stdio_printf) refers to am_util_stdio.o(.bss) for g_prfbuf
    am_util_stdio.o(i.am_util_stdio_printf_init) refers to am_util_stdio.o(.data) for g_pfnCharPrint
    am_util_stdio.o(i.am_util_stdio_snprintf) refers to am_util_stdio.o(i.am_util_stdio_vsnprintf) for am_util_stdio_vsnprintf
    am_util_stdio.o(i.am_util_stdio_sprintf) refers to am_util_stdio.o(i.am_util_stdio_vsprintf) for am_util_stdio_vsprintf
    am_util_stdio.o(i.am_util_stdio_terminal_clear) refers to am_util_stdio.o(i.am_util_stdio_printf) for am_util_stdio_printf
    am_util_stdio.o(i.am_util_stdio_textmode_set) refers to am_util_stdio.o(.data) for g_bTxtXlate
    am_util_stdio.o(i.am_util_stdio_vprintf) refers to am_util_stdio.o(i.am_util_stdio_vsprintf) for am_util_stdio_vsprintf
    am_util_stdio.o(i.am_util_stdio_vprintf) refers to am_util_stdio.o(.data) for g_pfnCharPrint
    am_util_stdio.o(i.am_util_stdio_vprintf) refers to am_util_stdio.o(.bss) for g_prfbuf
    am_util_stdio.o(i.am_util_stdio_vsnprintf) refers to am_util_stdio.o(i.am_util_stdio_vsprintf) for am_util_stdio_vsprintf
    am_util_stdio.o(i.am_util_stdio_vsnprintf) refers to am_util_stdio.o(.bss) for g_prfbuf
    am_util_stdio.o(i.am_util_stdio_vsprintf) refers to am_util_stdio.o(i.decstr_to_int) for decstr_to_int
    am_util_stdio.o(i.am_util_stdio_vsprintf) refers to am_util_stdio.o(i.simple_strlen) for simple_strlen
    am_util_stdio.o(i.am_util_stdio_vsprintf) refers to am_util_stdio.o(i.padbuffer) for padbuffer
    am_util_stdio.o(i.am_util_stdio_vsprintf) refers to am_util_stdio.o(i.ndigits_in_hex) for ndigits_in_hex
    am_util_stdio.o(i.am_util_stdio_vsprintf) refers to am_util_stdio.o(i.uint64_to_hexstr) for uint64_to_hexstr
    am_util_stdio.o(i.am_util_stdio_vsprintf) refers to am_util_stdio.o(i.ndigits_in_u64) for ndigits_in_u64
    am_util_stdio.o(i.am_util_stdio_vsprintf) refers to am_util_stdio.o(i.uint64_to_str) for uint64_to_str
    am_util_stdio.o(i.am_util_stdio_vsprintf) refers to am_util_stdio.o(i.ndigits_in_i64) for ndigits_in_i64
    am_util_stdio.o(i.am_util_stdio_vsprintf) refers to d2f.o(x$fpl$d2f) for __aeabi_d2f
    am_util_stdio.o(i.am_util_stdio_vsprintf) refers to am_util_stdio.o(i.ftoa) for ftoa
    am_util_stdio.o(i.am_util_stdio_vsprintf) refers to am_util_stdio.o(.data) for g_bTxtXlate
[...]
    Removing am_bsp_pins.o(.data), (4 bytes).
    Removing am_bsp_pins.o(.data), (4 bytes).
    Removing am_bsp_pins.o(.data), (4 bytes).
    Removing am_bsp_pins.o(.data), (4 bytes).
    Removing am_bsp_pins.o(.data), (4 bytes).
    Removing am_bsp_pins.o(.data), (4 bytes).
    Removing am_bsp_pins.o(.data), (4 bytes).
    Removing am_bsp_pins.o(.data), (4 bytes).
    Removing am_bsp_pins.o(.data), (4 bytes).
    Removing am_bsp_pins.o(.data), (4 bytes).
    Removing am_bsp_pins.o(.data), (4 bytes).
    Removing am_bsp_pins.o(.data), (4 bytes).
    Removing am_bsp_pins.o(.data), (4 bytes).
    Removing am_bsp_pins.o(.data), (4 bytes).
    Removing am_bsp_pins.o(.data), (4 bytes).
    Removing am_bsp_pins.o(.data), (4 bytes).
    Removing am_bsp_pins.o(.data), (4 bytes).
    Removing am_bsp_pins.o(.data), (4 bytes).
    Removing am_bsp_pins.o(.data), (4 bytes).
    Removing am_bsp_pins.o(.data), (4 bytes).
    Removing am_bsp_pins.o(.data), (4 bytes).
    Removing am_bsp_pins.o(.data), (4 bytes).
    Removing am_bsp_pins.o(.data), (4 bytes).
    Removing am_bsp_pins.o(.data), (4 bytes).
    Removing am_bsp_pins.o(.data), (4 bytes).
    Removing am_bsp_pins.o(.data), (4 bytes).
    Removing am_bsp_pins.o(.data), (4 bytes).
    Removing am_bsp_pins.o(.data), (4 bytes).
    Removing am_bsp_pins.o(.data), (4 bytes).
    Removing am_bsp_pins.o(.data), (4 bytes).
    Removing am_bsp_pins.o(.data), (4 bytes).
    Removing am_bsp_pins.o(.data), (4 bytes).
    Removing am_bsp_pins.o(.data), (4 bytes).
    Removing am_bsp_pins.o(.data), (4 bytes).
    Removing am_bsp_pins.o(.data), (4 bytes).
    Removing am_bsp_pins.o(.data), (4 bytes).
    Removing am_bsp_pins.o(.data), (4 bytes).
    Removing am_bsp_pins.o(.data), (4 bytes).
    Removing am_bsp_pins.o(.data), (4 bytes).
    Removing am_bsp_pins.o(.data), (4 bytes).
    Removing am_bsp_pins.o(.data), (4 bytes).
    Removing am_bsp_pins.o(.data), (4 bytes).
    Removing am_bsp_pins.o(.data), (4 bytes).
    Removing am_bsp_pins.o(.data), (4 bytes).
    Removing am_bsp_pins.o(.data), (4 bytes).
    Removing am_bsp_pins.o(.data), (4 bytes).
    Removing am_bsp_pins.o(.data), (4 bytes).
    Removing am_bsp_pins.o(.data), (4 bytes).
    Removing am_bsp_pins.o(.data), (4 bytes).
    Removing am_bsp_pins.o(.data), (4 bytes).
    Removing am_bsp_pins.o(.data), (4 bytes).
    Removing am_bsp_pins.o(.data), (4 bytes).
    Removing am_bsp_pins.o(.data), (4 bytes).
    Removing am_bsp_pins.o(.data), (4 bytes).
    Removing am_bsp_pins.o(.data), (4 bytes).
    Removing am_bsp_pins.o(.data), (4 bytes).
    Removing am_bsp_pins.o(.data), (4 bytes).
    Removing am_bsp_pins.o(.data), (4 bytes).
    Removing am_bsp_pins.o(.data), (4 bytes).
    Removing am_bsp_pins.o(.data), (4 bytes).
    Removing am_bsp_pins.o(.data), (4 bytes).
    Removing am_bsp_pins.o(.data), (4 bytes).
    Removing am_bsp_pins.o(.data), (4 bytes).
    Removing am_bsp_pins.o(.data), (4 bytes).
    Removing am_bsp_pins.o(.data), (4 bytes).
    Removing am_bsp_pins.o(.data), (4 bytes).
    Removing am_bsp_pins.o(.data), (4 bytes).
    Removing am_bsp_pins.o(.data), (4 bytes).
    Removing am_bsp_pins.o(.data), (4 bytes).
    Removing am_bsp_pins.o(.data), (4 bytes).
    Removing am_bsp_pins.o(.data), (4 bytes).
    Removing am_bsp_pins.o(.data), (4 bytes).
    Removing am_bsp_pins.o(.data), (4 bytes).
    Removing am_bsp_pins.o(.data), (4 bytes).
    Removing am_bsp_pins.o(.data), (4 bytes).
    Removing am_bsp_pins.o(.data), (4 bytes).
    Removing am_bsp_pins.o(.data), (4 bytes).
    Removing am_bsp_pins.o(.data), (4 bytes).
    Removing am_bsp_pins.o(.data), (4 bytes).
    Removing am_bsp_pins.o(.data), (4 bytes).
    Removing am_bsp_pins.o(.data), (4 bytes).
    Removing am_bsp_pins.o(.data), (4 bytes).
    Removing am_bsp_pins.o(.data), (4 bytes).
    Removing am_bsp_pins.o(.data), (4 bytes).
    Removing am_bsp_pins.o(.data), (4 bytes).
    Removing am_bsp_pins.o(.data), (4 bytes).
    Removing am_bsp_pins.o(.data), (4 bytes).
    Removing am_bsp_pins.o(.data), (4 bytes).
    Removing am_bsp_pins.o(.data), (4 bytes).
    Removing am_bsp_pins.o(.data), (4 bytes).
    Removing am_bsp_pins.o(.data), (4 bytes).
    Removing am_bsp_pins.o(.data), (4 bytes).
    Removing am_bsp_pins.o(.data), (4 bytes).
    Removing am_bsp_pins.o(.data), (4 bytes).
    Removing am_bsp_pins.o(.data), (4 bytes).
    Removing am_bsp_pins.o(.data), (4 bytes).
    Removing am_bsp_pins.o(.data), (4 bytes).
    Removing am_bsp_pins.o(.data), (4 bytes).
    Removing am_bsp_pins.o(.data), (4 bytes).
    Removing am_bsp_pins.o(.data), (4 bytes).
    Removing am_bsp_pins.o(.data), (4 bytes).
    Removing am_bsp_pins.o(.data), (4 bytes).
    Removing am_bsp_pins.o(.data), (4 bytes).
    Removing am_bsp_pins.o(.data), (4 bytes).
    Removing am_bsp_pins.o(.data), (4 bytes).
    Removing am_bsp_pins.o(.data), (4 bytes).
    Removing am_bsp_pins.o(.data), (4 bytes).
    Removing am_bsp_pins.o(.data), (4 bytes).
    Removing am_bsp_pins.o(.data), (4 bytes).
    Removing am_bsp_pins.o(.data), (4 bytes).
    Removing am_bsp_pins.o(.data), (4 bytes).
    Removing am_bsp_pins.o(.data), (4 bytes).
    Removing am_bsp_pins.o(.data), (4 bytes).
    Removing am_bsp_pins.o(.data), (4 bytes).
    Removing am_bsp_pins.o(.data), (4 bytes).
    Removing am_bsp_pins.o(.data), (4 bytes).
    Removing am_bsp_pins.o(.data), (4 bytes).
    Removing am_bsp_pins.o(.data), (4 bytes).
    Removing am_bsp_pins.o(.data), (4 bytes).
    Removing am_bsp_pins.o(.data), (4 bytes).
    Removing am_bsp_pins.o(.data), (4 bytes).
    Removing am_bsp_pins.o(.data), (4 bytes).
    Removing am_bsp_pins.o(.data), (4 bytes).
    Removing am_bsp_pins.o(.data), (4 bytes).
    Removing am_bsp_pins.o(.data), (4 bytes).
    Removing am_bsp_pins.o(.data), (4 bytes).
    Removing am_bsp_pins.o(.data), (4 bytes).
    Removing am_bsp_pins.o(.data), (4 bytes).
    Removing am_bsp_pins.o(.data), (4 bytes).
    Removing am_hal_pin.o(.rev16_text), (4 bytes).
    Removing am_hal_pin.o(.revsh_text), (4 bytes).
    Removing am_hal_pin.o(.rrx_text), (6 bytes).
    Removing am_hal_pin.o(.constdata), (4096 bytes).
    Removing am_hal_queue.o(.rev16_text), (4 bytes).
    Removing am_hal_queue.o(.revsh_text), (4 bytes).
    Removing am_hal_queue.o(.rrx_text), (6 bytes).

356 unused section(s) (total 24212 bytes) removed from the image.

==============================================================================

Image Symbol Table

    Local Symbols

    Symbol Name                              Value     Ov Type        Size  Object(Section)

    ../../../../../../utils/am_util_delay.c  0x00000000   Number         0  am_util_delay.o ABSOLUTE
    ../../../../../../utils/am_util_id.c     0x00000000   Number         0  am_util_id.o ABSOLUTE
    ../../../../../../utils/am_util_stdio.c  0x00000000   Number         0  am_util_stdio.o ABSOLUTE
    ../../../../../../utils/am_util_string.c 0x00000000   Number         0  am_util_string.o ABSOLUTE
    ../../../../../mcu/apollo4l/hal/am_hal_dcu.c 0x00000000   Number         0  am_hal_dcu.o ABSOLUTE
    ../../../../../mcu/apollo4l/hal/am_hal_gpio.c 0x00000000   Number         0  am_hal_gpio.o ABSOLUTE
    ../../../../../mcu/apollo4l/hal/am_hal_pin.c 0x00000000   Number         0  am_hal_pin.o ABSOLUTE
    ../../../../../mcu/apollo4l/hal/am_hal_pwrctrl.c 0x00000000   Number         0  am_hal_pwrctrl.o ABSOLUTE
    ../../../../../mcu/apollo4l/hal/am_hal_queue.c 0x00000000   Number         0  am_hal_queue.o ABSOLUTE
    ../../../../../mcu/apollo4l/hal/mcu/am_hal_bootrom_helper.c 0x00000000   Number         0  am_hal_bootrom_helper.o ABSOLUTE
    ../../../../../mcu/apollo4l/hal/mcu/am_hal_cachectrl.c 0x00000000   Number         0  am_hal_cachectrl.o ABSOLUTE
    ../../../../../mcu/apollo4l/hal/mcu/am_hal_interrupt.c 0x00000000   Number         0  am_hal_interrupt.o ABSOLUTE
    ../../../../../mcu/apollo4l/hal/mcu/am_hal_itm.c 0x00000000   Number         0  am_hal_itm.o ABSOLUTE
    ../../../../../mcu/apollo4l/hal/mcu/am_hal_mcuctrl.c 0x00000000   Number         0  am_hal_mcuctrl.o ABSOLUTE
    ../../../../../mcu/apollo4l/hal/mcu/am_hal_mram.c 0x00000000   Number         0  am_hal_mram.o ABSOLUTE
    ../../../../../mcu/apollo4l/hal/mcu/am_hal_rtc.c 0x00000000   Number         0  am_hal_rtc.o ABSOLUTE
    ../../../../../mcu/apollo4l/hal/mcu/am_hal_sysctrl.c 0x00000000   Number         0  am_hal_sysctrl.o ABSOLUTE
    ../../../../../mcu/apollo4l/hal/mcu/am_hal_tpiu.c 0x00000000   Number         0  am_hal_tpiu.o ABSOLUTE
    ../../../../../mcu/apollo4l/hal/mcu/am_hal_uart.c 0x00000000   Number         0  am_hal_uart.o ABSOLUTE
    ../../../../../mcu/apollo4l/hal/mcu/am_hal_utils.c 0x00000000   Number         0  am_hal_utils.o ABSOLUTE
    ../am_bsp.c                              0x00000000   Number         0  am_bsp.o ABSOLUTE
    ../am_bsp_pins.c                         0x00000000   Number         0  am_bsp_pins.o ABSOLUTE
    ../clib/angel/boardlib.s                 0x00000000   Number         0  boardinit2.o ABSOLUTE
    ../clib/angel/boardlib.s                 0x00000000   Number         0  boardinit3.o ABSOLUTE
    ../clib/angel/boardlib.s                 0x00000000   Number         0  boardshut.o ABSOLUTE
    ../clib/angel/boardlib.s                 0x00000000   Number         0  boardinit1.o ABSOLUTE
    ../clib/angel/handlers.s                 0x00000000   Number         0  __scatter_zi.o ABSOLUTE
    ../clib/angel/handlers.s                 0x00000000   Number         0  __scatter_copy.o ABSOLUTE
    ../clib/angel/kernel.s                   0x00000000   Number         0  __rtentry4.o ABSOLUTE
    ../clib/angel/kernel.s                   0x00000000   Number         0  __rtentry2.o ABSOLUTE
    ../clib/angel/kernel.s                   0x00000000   Number         0  __rtentry.o ABSOLUTE
    ../clib/angel/kernel.s                   0x00000000   Number         0  rtexit.o ABSOLUTE
    ../clib/angel/kernel.s                   0x00000000   Number         0  rtexit2.o ABSOLUTE
    ../clib/angel/rt.s                       0x00000000   Number         0  rt_raise.o ABSOLUTE
    ../clib/angel/scatter.s                  0x00000000   Number         0  __scatter.o ABSOLUTE
    ../clib/angel/startup.s                  0x00000000   Number         0  __main.o ABSOLUTE
    ../clib/angel/sys.s                      0x00000000   Number         0  indicate_semi.o ABSOLUTE
    ../clib/angel/sys.s                      0x00000000   Number         0  use_no_semi.o ABSOLUTE
    ../clib/angel/sys.s                      0x00000000   Number         0  sys_stackheap_outer.o ABSOLUTE
    ../clib/angel/sys.s                      0x00000000   Number         0  libspace.o ABSOLUTE
    ../clib/angel/sysapp.c                   0x00000000   Number         0  sys_wrch.o ABSOLUTE
    ../clib/angel/sysapp.c                   0x00000000   Number         0  sys_command.o ABSOLUTE
    ../clib/angel/sysapp.c                   0x00000000   Number         0  sys_exit.o ABSOLUTE
    ../clib/armsys.c                         0x00000000   Number         0  _get_argv_nomalloc.o ABSOLUTE
    ../clib/armsys.c                         0x00000000   Number         0  no_argv.o ABSOLUTE
    ../clib/armsys.c                         0x00000000   Number         0  argv_veneer.o ABSOLUTE
    ../clib/armsys.c                         0x00000000   Number         0  argv_veneer.o ABSOLUTE
    ../clib/heapalloc.c                      0x00000000   Number         0  hrguard.o ABSOLUTE
    ../clib/heapaux.c                        0x00000000   Number         0  heapauxi.o ABSOLUTE
    ../clib/libinit.s                        0x00000000   Number         0  libinit.o ABSOLUTE
    ../clib/libinit.s                        0x00000000   Number         0  libshutdown2.o ABSOLUTE
    ../clib/libinit.s                        0x00000000   Number         0  libshutdown.o ABSOLUTE
    ../clib/libinit.s                        0x00000000   Number         0  libinit2.o ABSOLUTE
    ../clib/longlong.s                       0x00000000   Number         0  llshl.o ABSOLUTE
    ../clib/longlong.s                       0x00000000   Number         0  llushr.o ABSOLUTE
    ../clib/signal.c                         0x00000000   Number         0  defsig_rtmem_formal.o ABSOLUTE
    ../clib/signal.c                         0x00000000   Number         0  defsig_stak_inner.o ABSOLUTE
    ../clib/signal.c                         0x00000000   Number         0  defsig_rtred_inner.o ABSOLUTE
    ../clib/signal.c                         0x00000000   Number         0  defsig_general.o ABSOLUTE
    ../clib/signal.c                         0x00000000   Number         0  __raise.o ABSOLUTE
    ../clib/signal.c                         0x00000000   Number         0  defsig_rtmem_inner.o ABSOLUTE
    ../clib/signal.c                         0x00000000   Number         0  defsig_exit.o ABSOLUTE
    ../clib/signal.c                         0x00000000   Number         0  defsig_abrt_inner.o ABSOLUTE
    ../clib/signal.c                         0x00000000   Number         0  defsig_rtmem_outer.o ABSOLUTE
    ../clib/signal.c                         0x00000000   Number         0  defsig_cppl_inner.o ABSOLUTE
    ../clib/signal.c                         0x00000000   Number         0  defsig_other.o ABSOLUTE
    ../clib/signal.c                         0x00000000   Number         0  defsig_segv_inner.o ABSOLUTE
    ../clib/signal.c                         0x00000000   Number         0  defsig_fpe_inner.o ABSOLUTE
    ../clib/signal.c                         0x00000000   Number         0  defsig_pvfn_inner.o ABSOLUTE
    ../clib/signal.s                         0x00000000   Number         0  defsig.o ABSOLUTE
    ../clib/stdlib.c                         0x00000000   Number         0  exit.o ABSOLUTE
    ../fplib/d2f.s                           0x00000000   Number         0  d2f.o ABSOLUTE
    ../fplib/dnaninf.s                       0x00000000   Number         0  dnaninf.o ABSOLUTE
    ../fplib/fpinit.s                        0x00000000   Number         0  fpinit.o ABSOLUTE
    ../fplib/fretinf.s                       0x00000000   Number         0  fretinf.o ABSOLUTE
    ../fplib/usenofp.s                       0x00000000   Number         0  usenofp.o ABSOLUTE
    ../keil/startup_keil.s                   0x00000000   Number         0  startup_keil.o ABSOLUTE
    ../src/am_resources.c                    0x00000000   Number         0  am_resources.o ABSOLUTE
    ..\..\..\..\..\..\utils\am_util_delay.c  0x00000000   Number         0  am_util_delay.o ABSOLUTE
    ..\..\..\..\..\..\utils\am_util_id.c     0x00000000   Number         0  am_util_id.o ABSOLUTE
    ..\..\..\..\..\mcu\apollo4l\hal\am_hal_dcu.c 0x00000000   Number         0  am_hal_dcu.o ABSOLUTE
    ..\..\..\..\..\mcu\apollo4l\hal\am_hal_gpio.c 0x00000000   Number         0  am_hal_gpio.o ABSOLUTE
    ..\..\..\..\..\mcu\apollo4l\hal\am_hal_pin.c 0x00000000   Number         0  am_hal_pin.o ABSOLUTE
    ..\..\..\..\..\mcu\apollo4l\hal\am_hal_pwrctrl.c 0x00000000   Number         0  am_hal_pwrctrl.o ABSOLUTE
    ..\..\..\..\..\mcu\apollo4l\hal\am_hal_queue.c 0x00000000   Number         0  am_hal_queue.o ABSOLUTE
    ..\..\..\..\..\mcu\apollo4l\hal\mcu\am_hal_bootrom_helper.c 0x00000000   Number         0  am_hal_bootrom_helper.o ABSOLUTE
    ..\..\..\..\..\mcu\apollo4l\hal\mcu\am_hal_cachectrl.c 0x00000000   Number         0  am_hal_cachectrl.o ABSOLUTE
    ..\..\..\..\..\mcu\apollo4l\hal\mcu\am_hal_interrupt.c 0x00000000   Number         0  am_hal_interrupt.o ABSOLUTE
    ..\..\..\..\..\mcu\apollo4l\hal\mcu\am_hal_itm.c 0x00000000   Number         0  am_hal_itm.o ABSOLUTE
    ..\..\..\..\..\mcu\apollo4l\hal\mcu\am_hal_mcuctrl.c 0x00000000   Number         0  am_hal_mcuctrl.o ABSOLUTE
    ..\..\..\..\..\mcu\apollo4l\hal\mcu\am_hal_mram.c 0x00000000   Number         0  am_hal_mram.o ABSOLUTE
    ..\..\..\..\..\mcu\apollo4l\hal\mcu\am_hal_rtc.c 0x00000000   Number         0  am_hal_rtc.o ABSOLUTE
    ..\..\..\..\..\mcu\apollo4l\hal\mcu\am_hal_sysctrl.c 0x00000000   Number         0  am_hal_sysctrl.o ABSOLUTE
    ..\..\..\..\..\mcu\apollo4l\hal\mcu\am_hal_tpiu.c 0x00000000   Number         0  am_hal_tpiu.o ABSOLUTE
    ..\..\..\..\..\mcu\apollo4l\hal\mcu\am_hal_uart.c 0x00000000   Number         0  am_hal_uart.o ABSOLUTE
    ..\..\..\..\..\mcu\apollo4l\hal\mcu\am_hal_utils.c 0x00000000   Number         0  am_hal_utils.o ABSOLUTE
    ..\\src\\apollo4_project.c               0x00000000   Number         0  apollo4_project.o ABSOLUTE
    ..\am_bsp.c                              0x00000000   Number         0  am_bsp.o ABSOLUTE
    ..\am_bsp_pins.c                         0x00000000   Number         0  am_bsp_pins.o ABSOLUTE
    ..\src\am_resources.c                    0x00000000   Number         0  am_resources.o ABSOLUTE
    ..\src\apollo4_project.c                 0x00000000   Number         0  apollo4_project.o ABSOLUTE
    dc.s                                     0x00000000   Number         0  dc.o ABSOLUTE
    RESET                                    0x00018000   Section      564  startup_keil.o(RESET)
    $v0                                      0x00018200   Number         0  startup_keil.o(RESET)
    am_cryptosec_isr                         0x0001822f   Thumb Code     0  startup_keil.o(RESET)
    am_default_isr                           0x0001822f   Thumb Code     2  startup_keil.o(RESET)
    !!!main                                  0x00018234   Section        8  __main.o(!!!main)
    !!!scatter                               0x0001823c   Section       52  __scatter.o(!!!scatter)
    !!handler_copy                           0x00018270   Section       26  __scatter_copy.o(!!handler_copy)
    !!handler_zi                             0x0001828c   Section       28  __scatter_zi.o(!!handler_zi)
    .ARM.Collect$$libinit$$00000000          0x000182a8   Section        2  libinit.o(.ARM.Collect$$libinit$$00000000)
    .ARM.Collect$$libinit$$00000001          0x000182aa   Section        4  libinit2.o(.ARM.Collect$$libinit$$00000001)
    .ARM.Collect$$libinit$$00000004          0x000182ae   Section        0  libinit2.o(.ARM.Collect$$libinit$$00000004)
    .ARM.Collect$$libinit$$0000000A          0x000182ae   Section        0  libinit2.o(.ARM.Collect$$libinit$$0000000A)
    .ARM.Collect$$libinit$$0000000C          0x000182ae   Section        0  libinit2.o(.ARM.Collect$$libinit$$0000000C)
    .ARM.Collect$$libinit$$0000000E          0x000182ae   Section        0  libinit2.o(.ARM.Collect$$libinit$$0000000E)
    .ARM.Collect$$libinit$$00000011          0x000182ae   Section        0  libinit2.o(.ARM.Collect$$libinit$$00000011)
    .ARM.Collect$$libinit$$00000013          0x000182ae   Section        0  libinit2.o(.ARM.Collect$$libinit$$00000013)
    .ARM.Collect$$libinit$$00000015          0x000182ae   Section        0  libinit2.o(.ARM.Collect$$libinit$$00000015)
    .ARM.Collect$$libinit$$00000017          0x000182ae   Section        0  libinit2.o(.ARM.Collect$$libinit$$00000017)
    .ARM.Collect$$libinit$$00000019          0x000182ae   Section        0  libinit2.o(.ARM.Collect$$libinit$$00000019)
    .ARM.Collect$$libinit$$0000001B          0x000182ae   Section        0  libinit2.o(.ARM.Collect$$libinit$$0000001B)
    .ARM.Collect$$libinit$$0000001D          0x000182ae   Section        0  libinit2.o(.ARM.Collect$$libinit$$0000001D)
    .ARM.Collect$$libinit$$0000001F          0x000182ae   Section        0  libinit2.o(.ARM.Collect$$libinit$$0000001F)
    .ARM.Collect$$libinit$$00000021          0x000182ae   Section        0  libinit2.o(.ARM.Collect$$libinit$$00000021)
    .ARM.Collect$$libinit$$00000023          0x000182ae   Section        0  libinit2.o(.ARM.Collect$$libinit$$00000023)
    .ARM.Collect$$libinit$$00000025          0x000182ae   Section        0  libinit2.o(.ARM.Collect$$libinit$$00000025)
    .ARM.Collect$$libinit$$0000002C          0x000182ae   Section        0  libinit2.o(.ARM.Collect$$libinit$$0000002C)
    .ARM.Collect$$libinit$$0000002E          0x000182ae   Section        0  libinit2.o(.ARM.Collect$$libinit$$0000002E)
    .ARM.Collect$$libinit$$00000030          0x000182ae   Section        0  libinit2.o(.ARM.Collect$$libinit$$00000030)
    .ARM.Collect$$libinit$$00000032          0x000182ae   Section        0  libinit2.o(.ARM.Collect$$libinit$$00000032)
    .ARM.Collect$$libinit$$00000033          0x000182ae   Section        2  libinit2.o(.ARM.Collect$$libinit$$00000033)
    .ARM.Collect$$libshutdown$$00000000      0x000182b0   Section        2  libshutdown.o(.ARM.Collect$$libshutdown$$00000000)
    .ARM.Collect$$libshutdown$$00000002      0x000182b2   Section        0  libshutdown2.o(.ARM.Collect$$libshutdown$$00000002)
    .ARM.Collect$$libshutdown$$00000004      0x000182b2   Section        0  libshutdown2.o(.ARM.Collect$$libshutdown$$00000004)
    .ARM.Collect$$libshutdown$$00000006      0x000182b2   Section        0  libshutdown2.o(.ARM.Collect$$libshutdown$$00000006)
    .ARM.Collect$$libshutdown$$00000009      0x000182b2   Section        0  libshutdown2.o(.ARM.Collect$$libshutdown$$00000009)
    .ARM.Collect$$libshutdown$$0000000C      0x000182b2   Section        0  libshutdown2.o(.ARM.Collect$$libshutdown$$0000000C)
    .ARM.Collect$$libshutdown$$0000000E      0x000182b2   Section        0  libshutdown2.o(.ARM.Collect$$libshutdown$$0000000E)
    .ARM.Collect$$libshutdown$$00000011      0x000182b2   Section        0  libshutdown2.o(.ARM.Collect$$libshutdown$$00000011)
    .ARM.Collect$$libshutdown$$00000012      0x000182b2   Section        2  libshutdown2.o(.ARM.Collect$$libshutdown$$00000012)
    .ARM.Collect$$rtentry$$00000000          0x000182b4   Section        0  __rtentry.o(.ARM.Collect$$rtentry$$00000000)
    .ARM.Collect$$rtentry$$00000002          0x000182b4   Section        0  __rtentry2.o(.ARM.Collect$$rtentry$$00000002)
    .ARM.Collect$$rtentry$$00000004          0x000182b4   Section        6  __rtentry4.o(.ARM.Collect$$rtentry$$00000004)
    .ARM.Collect$$rtentry$$00000009          0x000182ba   Section        0  __rtentry2.o(.ARM.Collect$$rtentry$$00000009)
    .ARM.Collect$$rtentry$$0000000A          0x000182ba   Section        4  __rtentry2.o(.ARM.Collect$$rtentry$$0000000A)
    .ARM.Collect$$rtentry$$0000000C          0x000182be   Section        0  __rtentry2.o(.ARM.Collect$$rtentry$$0000000C)
    .ARM.Collect$$rtentry$$0000000D          0x000182be   Section        8  __rtentry2.o(.ARM.Collect$$rtentry$$0000000D)
    .ARM.Collect$$rtexit$$00000000           0x000182c6   Section        2  rtexit.o(.ARM.Collect$$rtexit$$00000000)
    .ARM.Collect$$rtexit$$00000002           0x000182c8   Section        0  rtexit2.o(.ARM.Collect$$rtexit$$00000002)
    .ARM.Collect$$rtexit$$00000003           0x000182c8   Section        4  rtexit2.o(.ARM.Collect$$rtexit$$00000003)
    .ARM.Collect$$rtexit$$00000004           0x000182cc   Section        6  rtexit2.o(.ARM.Collect$$rtexit$$00000004)
    .emb_text                                0x000182d4   Section       22  am_hal_interrupt.o(.emb_text)
    $v0                                      0x000182d4   Number         0  am_hal_interrupt.o(.emb_text)
    .text                                    0x000182ec   Section       24  startup_keil.o(.text)
    $v0                                      0x000182ec   Number         0  startup_keil.o(.text)
    .text                                    0x00018304   Section       38  llshl.o(.text)
    .text                                    0x0001832a   Section       38  llushr.o(.text)
    .text                                    0x00018350   Section        0  heapauxi.o(.text)
    .text                                    0x00018356   Section       74  sys_stackheap_outer.o(.text)
    .text                                    0x000183a0   Section        0  exit.o(.text)
    .text                                    0x000183b4   Section        8  libspace.o(.text)
    .text                                    0x000183bc   Section        0  sys_exit.o(.text)
    .text                                    0x000183c8   Section        2  use_no_semi.o(.text)
    .text                                    0x000183ca   Section        0  indicate_semi.o(.text)
    i.__ARM_common_memcpy4_5                 0x000183ca   Section        0  am_hal_cachectrl.o(i.__ARM_common_memcpy4_5)
    i.am_bsp_debug_printf_disable            0x000183d4   Section        0  am_bsp.o(i.am_bsp_debug_printf_disable)
    i.am_bsp_debug_printf_enable             0x00018488   Section        0  am_bsp.o(i.am_bsp_debug_printf_enable)
    i.am_bsp_low_power_init                  0x00018620   Section        0  am_bsp.o(i.am_bsp_low_power_init)
    i.am_bsp_uart_string_print               0x00018638   Section        0  am_bsp.o(i.am_bsp_uart_string_print)
    i.am_hal_cachectrl_config                0x00018684   Section        0  am_hal_cachectrl.o(i.am_hal_cachectrl_config)
    i.am_hal_cachectrl_enable                0x000186cc   Section        0  am_hal_cachectrl.o(i.am_hal_cachectrl_enable)
    i.am_hal_daxi_config                     0x000186e4   Section        0  am_hal_cachectrl.o(i.am_hal_daxi_config)
    i.am_hal_daxi_control                    0x0001877c   Section        0  am_hal_cachectrl.o(i.am_hal_daxi_control)
    i.am_hal_dcu_get                         0x000187fc   Section        0  am_hal_dcu.o(i.am_hal_dcu_get)
    i.am_hal_dcu_update                      0x0001888c   Section        0  am_hal_dcu.o(i.am_hal_dcu_update)
    i.am_hal_delay_us                        0x00018970   Section        0  am_hal_utils.o(i.am_hal_delay_us)
    i.am_hal_delay_us_status_change          0x0001899c   Section        0  am_hal_utils.o(i.am_hal_delay_us_status_change)
    i.am_hal_delay_us_status_check           0x000189f4   Section        0  am_hal_utils.o(i.am_hal_delay_us_status_check)
    i.am_hal_gpio_pinconfig                  0x00018a58   Section        0  am_hal_gpio.o(i.am_hal_gpio_pinconfig)
    i.am_hal_itm_disable                     0x00018ad4   Section        0  am_hal_itm.o(i.am_hal_itm_disable)
    i.am_hal_itm_enable                      0x00018b9c   Section        0  am_hal_itm.o(i.am_hal_itm_enable)
    i.am_hal_itm_print                       0x00018be4   Section        0  am_hal_itm.o(i.am_hal_itm_print)
    i.am_hal_mram_info_read                  0x00018c14   Section        0  am_hal_mram.o(i.am_hal_mram_info_read)
    i.am_hal_mram_main_program               0x00018c84   Section        0  am_hal_mram.o(i.am_hal_mram_main_program)
    i.am_hal_pwrctrl_control                 0x00018cd4   Section        0  am_hal_pwrctrl.o(i.am_hal_pwrctrl_control)
    i.am_hal_pwrctrl_low_power_init          0x00018ecc   Section        0  am_hal_pwrctrl.o(i.am_hal_pwrctrl_low_power_init)
    i.am_hal_pwrctrl_mcu_memory_config       0x00018fc0   Section        0  am_hal_pwrctrl.o(i.am_hal_pwrctrl_mcu_memory_config)
    i.am_hal_pwrctrl_mcu_mode_select         0x000190dc   Section        0  am_hal_pwrctrl.o(i.am_hal_pwrctrl_mcu_mode_select)
    i.am_hal_pwrctrl_mcu_mode_status         0x00019154   Section        0  am_hal_pwrctrl.o(i.am_hal_pwrctrl_mcu_mode_status)
    i.am_hal_pwrctrl_periph_disable          0x0001916c   Section        0  am_hal_pwrctrl.o(i.am_hal_pwrctrl_periph_disable)
    i.am_hal_pwrctrl_periph_enable           0x00019298   Section        0  am_hal_pwrctrl.o(i.am_hal_pwrctrl_periph_enable)
    i.am_hal_pwrctrl_sram_config             0x0001934c   Section        0  am_hal_pwrctrl.o(i.am_hal_pwrctrl_sram_config)
    i.am_hal_queue_init                      0x000193fc   Section        0  am_hal_queue.o(i.am_hal_queue_init)
    i.am_hal_queue_item_add                  0x00019414   Section        0  am_hal_queue.o(i.am_hal_queue_item_add)
    i.am_hal_queue_item_get                  0x0001946a   Section        0  am_hal_queue.o(i.am_hal_queue_item_get)
    i.am_hal_rtc_osc_disable                 0x000194bc   Section        0  am_hal_rtc.o(i.am_hal_rtc_osc_disable)
    i.am_hal_sysctrl_sleep                   0x000194d0   Section        0  am_hal_sysctrl.o(i.am_hal_sysctrl_sleep)
    i.am_hal_tpiu_enable                     0x000195fc   Section        0  am_hal_tpiu.o(i.am_hal_tpiu_enable)
    i.am_hal_uart_buffer_configure           0x00019668   Section        0  am_hal_uart.o(i.am_hal_uart_buffer_configure)
    i.am_hal_uart_configure                  0x000196dc   Section        0  am_hal_uart.o(i.am_hal_uart_configure)
    i.am_hal_uart_deinitialize               0x00019888   Section        0  am_hal_uart.o(i.am_hal_uart_deinitialize)
    i.am_hal_uart_initialize                 0x000198b8   Section        0  am_hal_uart.o(i.am_hal_uart_initialize)
    i.am_hal_uart_power_control              0x00019938   Section        0  am_hal_uart.o(i.am_hal_uart_power_control)
    i.am_hal_uart_transfer                   0x00019a20   Section        0  am_hal_uart.o(i.am_hal_uart_transfer)
    i.am_hal_uart_tx_flush                   0x00019c9c   Section        0  am_hal_uart.o(i.am_hal_uart_tx_flush)
    i.am_util_stdio_printf                   0x00019d40   Section        0  am_util_stdio.o(i.am_util_stdio_printf)
    i.am_util_stdio_printf_init              0x00019d7c   Section        0  am_util_stdio.o(i.am_util_stdio_printf_init)
    i.am_util_stdio_terminal_clear           0x00019d88   Section        0  am_util_stdio.o(i.am_util_stdio_terminal_clear)
    i.am_util_stdio_vsprintf                 0x00019da8   Section        0  am_util_stdio.o(i.am_util_stdio_vsprintf)
    i.buck_ldo_override_init                 0x0001a15c   Section        0  am_hal_pwrctrl.o(i.buck_ldo_override_init)
    i.buck_ldo_update_override               0x0001a204   Section        0  am_hal_pwrctrl.o(i.buck_ldo_update_override)
    i.copy_words                             0x0001a224   Section        0  am_hal_dcu.o(i.copy_words)
    copy_words                               0x0001a225   Thumb Code    40  am_hal_dcu.o(i.copy_words)
    i.crypto_boost_trims                     0x0001a24c   Section        0  am_hal_pwrctrl.o(i.crypto_boost_trims)
    i.decstr_to_int                          0x0001a2fc   Section        0  am_util_stdio.o(i.decstr_to_int)
    decstr_to_int                            0x0001a2fd   Thumb Code    66  am_util_stdio.o(i.decstr_to_int)
    i.divu64_10                              0x0001a33e   Section        0  am_util_stdio.o(i.divu64_10)
    divu64_10                                0x0001a33f   Thumb Code   204  am_util_stdio.o(i.divu64_10)
    i.ftoa                                   0x0001a40c   Section        0  am_util_stdio.o(i.ftoa)
    ftoa                                     0x0001a40d   Thumb Code   370  am_util_stdio.o(i.ftoa)
    i.main                                   0x0001a584   Section        0  apollo4_project.o(i.main)
    i.ndigits_in_hex                         0x0001a6c4   Section        0  am_util_stdio.o(i.ndigits_in_hex)
    ndigits_in_hex                           0x0001a6c5   Thumb Code    52  am_util_stdio.o(i.ndigits_in_hex)
    i.ndigits_in_i64                         0x0001a6f8   Section        0  am_util_stdio.o(i.ndigits_in_i64)
    ndigits_in_i64                           0x0001a6f9   Thumb Code    36  am_util_stdio.o(i.ndigits_in_i64)
    i.ndigits_in_u64                         0x0001a71c   Section        0  am_util_stdio.o(i.ndigits_in_u64)
    ndigits_in_u64                           0x0001a71d   Thumb Code    58  am_util_stdio.o(i.ndigits_in_u64)
    i.nonblocking_read_sm                    0x0001a756   Section        0  am_hal_uart.o(i.nonblocking_read_sm)
    nonblocking_read_sm                      0x0001a757   Thumb Code   308  am_hal_uart.o(i.nonblocking_read_sm)
    i.nonblocking_write_sm                   0x0001a88a   Section        0  am_hal_uart.o(i.nonblocking_write_sm)
    nonblocking_write_sm                     0x0001a88b   Thumb Code   346  am_hal_uart.o(i.nonblocking_write_sm)
    i.padbuffer                              0x0001a9e4   Section        0  am_util_stdio.o(i.padbuffer)
    padbuffer                                0x0001a9e5   Thumb Code    34  am_util_stdio.o(i.padbuffer)
    i.simple_strlen                          0x0001aa06   Section        0  am_util_stdio.o(i.simple_strlen)
    simple_strlen                            0x0001aa07   Thumb Code    24  am_util_stdio.o(i.simple_strlen)
    i.uint64_to_hexstr                       0x0001aa1e   Section        0  am_util_stdio.o(i.uint64_to_hexstr)
    uint64_to_hexstr                         0x0001aa1f   Thumb Code   138  am_util_stdio.o(i.uint64_to_hexstr)
    i.uint64_to_str                          0x0001aaa8   Section        0  am_util_stdio.o(i.uint64_to_str)
    uint64_to_str                            0x0001aaa9   Thumb Code   112  am_util_stdio.o(i.uint64_to_str)
    x$fpl$d2f                                0x0001ab18   Section       98  d2f.o(x$fpl$d2f)
    $v0                                      0x0001ab18   Number         0  d2f.o(x$fpl$d2f)
    x$fpl$dnaninf                            0x0001ab7a   Section      156  dnaninf.o(x$fpl$dnaninf)
    $v0                                      0x0001ab7a   Number         0  dnaninf.o(x$fpl$dnaninf)
    x$fpl$fpinit                             0x0001ac16   Section       10  fpinit.o(x$fpl$fpinit)
    $v0                                      0x0001ac16   Number         0  fpinit.o(x$fpl$fpinit)
    x$fpl$fretinf                            0x0001ac20   Section       10  fretinf.o(x$fpl$fretinf)
    $v0                                      0x0001ac20   Number         0  fretinf.o(x$fpl$fretinf)
    x$fpl$usenofp                            0x0001ac2a   Section        0  usenofp.o(x$fpl$usenofp)
    .constdata                               0x0001ac2c   Section      132  am_resources.o(.constdata)
    ui32I2sWordLength                        0x0001ac2c   Data          24  am_resources.o(.constdata)
    __tagsym$$used                           0x0001ac44   Number         0  am_resources.o(.constdata)
    __tagsym$$used                           0x0001ac58   Number         0  am_resources.o(.constdata)
    __tagsym$$used                           0x0001ac6c   Number         0  am_resources.o(.constdata)
    __tagsym$$used                           0x0001ac80   Number         0  am_resources.o(.constdata)
    __tagsym$$used                           0x0001ac94   Number         0  am_resources.o(.constdata)
    .constdata                               0x0001acb0   Section        3  am_hal_cachectrl.o(.constdata)
    .constdata                               0x0001acb3   Section        5  am_hal_cachectrl.o(.constdata)
    .constdata                               0x0001acb8   Section       44  am_bsp.o(.constdata)
    g_sBspUartConfig                         0x0001acb8   Data          12  am_bsp.o(.constdata)
    .constdata                               0x0001ace4   Section       40  am_hal_bootrom_helper.o(.constdata)
    .constdata                               0x0001ad0c   Section        4  am_hal_gpio.o(.constdata)
    .constdata                               0x0001ad10   Section       32  am_hal_gpio.o(.constdata)
    g_ui32RMpintbl                           0x0001ad10   Data          16  am_hal_gpio.o(.constdata)
    g_ui32DSpintbl                           0x0001ad20   Data          16  am_hal_gpio.o(.constdata)
    .constdata                               0x0001ad30   Section      412  am_hal_pwrctrl.o(.constdata)
    _nv                                      0x0001af00   Section       20  apollo4_project.o(_nv)
    .data                                    0x10000000   Section        4  apollo4_project.o(.data)
    .data                                    0x10000004   Section        5  am_util_stdio.o(.data)
    g_bTxtXlate                              0x10000008   Data           1  am_util_stdio.o(.data)
    .data                                    0x10000009   Section        5  am_hal_cachectrl.o(.data)
    .data                                    0x10000010   Section        8  am_bsp.o(.data)
    g_ePrintInterface                        0x10000010   Data           1  am_bsp.o(.data)
    g_sCOMUART                               0x10000014   Data           4  am_bsp.o(.data)
    .data                                    0x10000018   Section       32  am_hal_dcu.o(.data)
    .data                                    0x10000038   Section       44  am_hal_pwrctrl.o(.data)
    g_bOrigTrimsStored                       0x10000039   Data           1  am_hal_pwrctrl.o(.data)
    g_bBoostForCryptoApplied                 0x1000003a   Data           1  am_hal_pwrctrl.o(.data)
    g_orig_ACTTRIMVDDF                       0x10000044   Data           4  am_hal_pwrctrl.o(.data)
    g_orig_MEMLDOACTIVETRIM                  0x10000048   Data           4  am_hal_pwrctrl.o(.data)
    g_orig_LPTRIMVDDF                        0x1000004c   Data           4  am_hal_pwrctrl.o(.data)
    g_orig_MEMLPLDOTRIM                      0x10000050   Data           4  am_hal_pwrctrl.o(.data)
    g_orig_TVRGVREFTRIM                      0x10000054   Data           4  am_hal_pwrctrl.o(.data)
    g_ui32VDDFAdjustCodes                    0x10000058   Data           4  am_hal_pwrctrl.o(.data)
    g_i32LatestVddfActTrim                   0x1000005c   Data           4  am_hal_pwrctrl.o(.data)
    g_i32LatestLDOActTrim                    0x10000060   Data           4  am_hal_pwrctrl.o(.data)
    .data                                    0x10000064   Section        4  am_bsp_pins.o(.data)
    .data                                    0x10000068   Section        4  am_bsp_pins.o(.data)
    .data                                    0x1000006c   Section        4  am_bsp_pins.o(.data)
    .bss                                     0x10000070   Section       16  apollo4_project.o(.bss)
    mram_data                                0x10000070   Data          16  apollo4_project.o(.bss)
    .bss                                     0x10000080   Section     1024  am_util_stdio.o(.bss)
    g_prfbuf                                 0x10000080   Data        1024  am_util_stdio.o(.bss)
    .bss                                     0x10000480   Section     2048  am_bsp.o(.bss)
    pui8UartTxBuffer                         0x10000480   Data        1024  am_bsp.o(.bss)
    pui8UartRxBuffer                         0x10000880   Data        1024  am_bsp.o(.bss)
    .bss                                     0x10000c80   Section      736  am_hal_uart.o(.bss)
    .bss                                     0x10000f60   Section       96  libspace.o(.bss)
    HEAP                                     0x10000fc0   Section        0  startup_keil.o(HEAP)
    STACK                                    0x10000fc0   Section     4096  startup_keil.o(STACK)
    HeapMem                                  0x10000fc0   Data           0  startup_keil.o(HEAP)
    StackMem                                 0x10000fc0   Data           0  startup_keil.o(STACK)
    RESOURCE_TABLE                           0x10060000   Section        4  am_resources.o(RESOURCE_TABLE)
    __tagsym$$used                           0x10060000   Number         0  am_resources.o(RESOURCE_TABLE)
    SHARED_RW                                0x10060004   Section       60  am_resources.o(SHARED_RW)
    __tagsym$$used                           0x10060004   Number         0  am_resources.o(SHARED_RW)
    __tagsym$$used                           0x10060018   Number         0  am_resources.o(SHARED_RW)
    __tagsym$$used                           0x1006002c   Number         0  am_resources.o(SHARED_RW)

    Global Symbols

    Symbol Name                              Value     Ov Type        Size  Object(Section)

    BuildAttributes$$THM_ISAv4$E$P$D$K$B$S$7EM$VFPi3$EXTD16$VFPS$VFMA$PE$A:L22UL41UL21$X:L11$S22US41US21$IEEE1$IW$USESV6$~STKCKD$USESV7$~SHL$OTIME$ROPI$EBA8$UX$STANDARDLIB$REQ8$PRES8$EABIv2 0x00000000   Number         0  anon$$obj.o ABSOLUTE
    __ARM_use_no_argv                        0x00000000   Number         0  apollo4_project.o ABSOLUTE
    __ARM_exceptions_init                     - Undefined Weak Reference
    __alloca_initialize                       - Undefined Weak Reference
    __arm_fini_                               - Undefined Weak Reference
    __arm_preinit_                            - Undefined Weak Reference
    __cpp_initialize__aeabi_                  - Undefined Weak Reference
    __cxa_finalize                            - Undefined Weak Reference
    __rt_locale                               - Undefined Weak Reference
    __sigvec_lookup                           - Undefined Weak Reference
    _atexit_init                              - Undefined Weak Reference
    _call_atexit_fns                          - Undefined Weak Reference
    _clock_init                               - Undefined Weak Reference
    _fp_trap_init                             - Undefined Weak Reference
    _fp_trap_shutdown                         - Undefined Weak Reference
    _get_lc_collate                           - Undefined Weak Reference
    _get_lc_ctype                             - Undefined Weak Reference
    _get_lc_monetary                          - Undefined Weak Reference
    _get_lc_numeric                           - Undefined Weak Reference
    _get_lc_time                              - Undefined Weak Reference
    _getenv_init                              - Undefined Weak Reference
    _handle_redirection                       - Undefined Weak Reference
    _init_alloc                               - Undefined Weak Reference
    _init_user_alloc                          - Undefined Weak Reference
    _initio                                   - Undefined Weak Reference
    _rand_init                                - Undefined Weak Reference
    _signal_finish                            - Undefined Weak Reference
    _signal_init                              - Undefined Weak Reference
    _terminate_alloc                          - Undefined Weak Reference
    _terminate_user_alloc                     - Undefined Weak Reference
    _terminateio                              - Undefined Weak Reference
    __Vectors                                0x00018000   Data           0  startup_keil.o(RESET)
    __Patchable                              0x00018190   Data           0  startup_keil.o(RESET)
    Reset_Handler                            0x00018201   Thumb Code    28  startup_keil.o(RESET)
    HardFault_Handler                        0x0001821d   Thumb Code     2  startup_keil.o(RESET)
    NMI_Handler                              0x0001821f   Thumb Code     2  startup_keil.o(RESET)
    MemManage_Handler                        0x00018221   Thumb Code     2  startup_keil.o(RESET)
    BusFault_Handler                         0x00018223   Thumb Code     2  startup_keil.o(RESET)
    UsageFault_Handler                       0x00018225   Thumb Code     2  startup_keil.o(RESET)
    SVC_Handler                              0x00018227   Thumb Code     2  startup_keil.o(RESET)
    DebugMon_Handler                         0x00018229   Thumb Code     2  startup_keil.o(RESET)
    PendSV_Handler                           0x0001822b   Thumb Code     2  startup_keil.o(RESET)
    SysTick_Handler                          0x0001822d   Thumb Code     2  startup_keil.o(RESET)
    am_adc_isr                               0x0001822f   Thumb Code     0  startup_keil.o(RESET)
    am_audadc0_isr                           0x0001822f   Thumb Code     0  startup_keil.o(RESET)
    am_brownout_isr                          0x0001822f   Thumb Code     0  startup_keil.o(RESET)
    am_cachecpu_isr                          0x0001822f   Thumb Code     0  startup_keil.o(RESET)
    am_clkgen_isr                            0x0001822f   Thumb Code     0  startup_keil.o(RESET)
    am_ctimer_isr                            0x0001822f   Thumb Code     0  startup_keil.o(RESET)
    am_disp_isr                              0x0001822f   Thumb Code     0  startup_keil.o(RESET)
    am_dsi_isr                               0x0001822f   Thumb Code     0  startup_keil.o(RESET)
    am_dspi2s0_isr                           0x0001822f   Thumb Code     0  startup_keil.o(RESET)
    am_dspi2s1_isr                           0x0001822f   Thumb Code     0  startup_keil.o(RESET)
    am_dspi2s2_isr                           0x0001822f   Thumb Code     0  startup_keil.o(RESET)
    am_dspi2s3_isr                           0x0001822f   Thumb Code     0  startup_keil.o(RESET)
    am_gpio0_001f_isr                        0x0001822f   Thumb Code     0  startup_keil.o(RESET)
    am_gpio0_203f_isr                        0x0001822f   Thumb Code     0  startup_keil.o(RESET)
    am_gpio0_405f_isr                        0x0001822f   Thumb Code     0  startup_keil.o(RESET)
    am_gpio0_607f_isr                        0x0001822f   Thumb Code     0  startup_keil.o(RESET)
    am_gpio1_001f_isr                        0x0001822f   Thumb Code     0  startup_keil.o(RESET)
    am_gpio1_203f_isr                        0x0001822f   Thumb Code     0  startup_keil.o(RESET)
    am_gpio1_405f_isr                        0x0001822f   Thumb Code     0  startup_keil.o(RESET)
    am_gpio1_607f_isr                        0x0001822f   Thumb Code     0  startup_keil.o(RESET)
    am_gpu_isr                               0x0001822f   Thumb Code     0  startup_keil.o(RESET)
    am_iomaster0_isr                         0x0001822f   Thumb Code     0  startup_keil.o(RESET)
    am_iomaster1_isr                         0x0001822f   Thumb Code     0  startup_keil.o(RESET)
    am_iomaster2_isr                         0x0001822f   Thumb Code     0  startup_keil.o(RESET)
    am_iomaster3_isr                         0x0001822f   Thumb Code     0  startup_keil.o(RESET)
    am_iomaster4_isr                         0x0001822f   Thumb Code     0  startup_keil.o(RESET)
    am_iomaster5_isr                         0x0001822f   Thumb Code     0  startup_keil.o(RESET)
    am_iomaster6_isr                         0x0001822f   Thumb Code     0  startup_keil.o(RESET)
    am_iomaster7_isr                         0x0001822f   Thumb Code     0  startup_keil.o(RESET)
    am_ioslave_acc_isr                       0x0001822f   Thumb Code     0  startup_keil.o(RESET)
    am_ioslave_ios_isr                       0x0001822f   Thumb Code     0  startup_keil.o(RESET)
    am_mspi0_isr                             0x0001822f   Thumb Code     0  startup_keil.o(RESET)
    am_mspi1_isr                             0x0001822f   Thumb Code     0  startup_keil.o(RESET)
    am_mspi2_isr                             0x0001822f   Thumb Code     0  startup_keil.o(RESET)
    am_pdm0_isr                              0x0001822f   Thumb Code     0  startup_keil.o(RESET)
    am_pdm1_isr                              0x0001822f   Thumb Code     0  startup_keil.o(RESET)
    am_pdm2_isr                              0x0001822f   Thumb Code     0  startup_keil.o(RESET)
    am_pdm3_isr                              0x0001822f   Thumb Code     0  startup_keil.o(RESET)
    am_rtc_isr                               0x0001822f   Thumb Code     0  startup_keil.o(RESET)
    am_sdio_isr                              0x0001822f   Thumb Code     0  startup_keil.o(RESET)
    am_stimer_cmpr0_isr                      0x0001822f   Thumb Code     0  startup_keil.o(RESET)
    am_stimer_cmpr1_isr                      0x0001822f   Thumb Code     0  startup_keil.o(RESET)
    am_stimer_cmpr2_isr                      0x0001822f   Thumb Code     0  startup_keil.o(RESET)
    am_stimer_cmpr3_isr                      0x0001822f   Thumb Code     0  startup_keil.o(RESET)
    am_stimer_cmpr4_isr                      0x0001822f   Thumb Code     0  startup_keil.o(RESET)
    am_stimer_cmpr5_isr                      0x0001822f   Thumb Code     0  startup_keil.o(RESET)
    am_stimer_cmpr6_isr                      0x0001822f   Thumb Code     0  startup_keil.o(RESET)
    am_stimer_cmpr7_isr                      0x0001822f   Thumb Code     0  startup_keil.o(RESET)
    am_stimerof_isr                          0x0001822f   Thumb Code     0  startup_keil.o(RESET)
    am_timer00_isr                           0x0001822f   Thumb Code     0  startup_keil.o(RESET)
    am_timer01_isr                           0x0001822f   Thumb Code     0  startup_keil.o(RESET)
    am_timer02_isr                           0x0001822f   Thumb Code     0  startup_keil.o(RESET)
    am_timer03_isr                           0x0001822f   Thumb Code     0  startup_keil.o(RESET)
    am_timer04_isr                           0x0001822f   Thumb Code     0  startup_keil.o(RESET)
    am_timer05_isr                           0x0001822f   Thumb Code     0  startup_keil.o(RESET)
    am_timer06_isr                           0x0001822f   Thumb Code     0  startup_keil.o(RESET)
    am_timer07_isr                           0x0001822f   Thumb Code     0  startup_keil.o(RESET)
    am_timer08_isr                           0x0001822f   Thumb Code     0  startup_keil.o(RESET)
    am_timer09_isr                           0x0001822f   Thumb Code     0  startup_keil.o(RESET)
    am_timer10_isr                           0x0001822f   Thumb Code     0  startup_keil.o(RESET)
    am_timer11_isr                           0x0001822f   Thumb Code     0  startup_keil.o(RESET)
    am_timer12_isr                           0x0001822f   Thumb Code     0  startup_keil.o(RESET)
    am_timer13_isr                           0x0001822f   Thumb Code     0  startup_keil.o(RESET)
    am_timer14_isr                           0x0001822f   Thumb Code     0  startup_keil.o(RESET)
    am_timer15_isr                           0x0001822f   Thumb Code     0  startup_keil.o(RESET)
    am_uart1_isr                             0x0001822f   Thumb Code     0  startup_keil.o(RESET)
    am_uart2_isr                             0x0001822f   Thumb Code     0  startup_keil.o(RESET)
    am_uart3_isr                             0x0001822f   Thumb Code     0  startup_keil.o(RESET)
    am_uart_isr                              0x0001822f   Thumb Code     0  startup_keil.o(RESET)
    am_usb_isr                               0x0001822f   Thumb Code     0  startup_keil.o(RESET)
    am_vcomp_isr                             0x0001822f   Thumb Code     0  startup_keil.o(RESET)
    am_watchdog_isr                          0x0001822f   Thumb Code     0  startup_keil.o(RESET)
    __main                                   0x00018235   Thumb Code     8  __main.o(!!!main)
    __scatterload                            0x0001823d   Thumb Code     0  __scatter.o(!!!scatter)
    __scatterload_rt2                        0x0001823d   Thumb Code    44  __scatter.o(!!!scatter)
    __scatterload_rt2_thumb_only             0x0001823d   Thumb Code     0  __scatter.o(!!!scatter)
    __scatterload_null                       0x0001824b   Thumb Code     0  __scatter.o(!!!scatter)
    __scatterload_copy                       0x00018271   Thumb Code    26  __scatter_copy.o(!!handler_copy)
    __scatterload_zeroinit                   0x0001828d   Thumb Code    28  __scatter_zi.o(!!handler_zi)
    __rt_lib_init                            0x000182a9   Thumb Code     0  libinit.o(.ARM.Collect$$libinit$$00000000)
    __rt_lib_init_fp_1                       0x000182ab   Thumb Code     0  libinit2.o(.ARM.Collect$$libinit$$00000001)
    __rt_lib_init_alloca_1                   0x000182af   Thumb Code     0  libinit2.o(.ARM.Collect$$libinit$$0000002E)
    __rt_lib_init_argv_1                     0x000182af   Thumb Code     0  libinit2.o(.ARM.Collect$$libinit$$0000002C)
    __rt_lib_init_atexit_1                   0x000182af   Thumb Code     0  libinit2.o(.ARM.Collect$$libinit$$0000001B)
    __rt_lib_init_clock_1                    0x000182af   Thumb Code     0  libinit2.o(.ARM.Collect$$libinit$$00000021)
    __rt_lib_init_cpp_1                      0x000182af   Thumb Code     0  libinit2.o(.ARM.Collect$$libinit$$00000032)
    __rt_lib_init_exceptions_1               0x000182af   Thumb Code     0  libinit2.o(.ARM.Collect$$libinit$$00000030)
    __rt_lib_init_fp_trap_1                  0x000182af   Thumb Code     0  libinit2.o(.ARM.Collect$$libinit$$0000001F)
    __rt_lib_init_getenv_1                   0x000182af   Thumb Code     0  libinit2.o(.ARM.Collect$$libinit$$00000023)
    __rt_lib_init_heap_1                     0x000182af   Thumb Code     0  libinit2.o(.ARM.Collect$$libinit$$0000000A)
    __rt_lib_init_lc_collate_1               0x000182af   Thumb Code     0  libinit2.o(.ARM.Collect$$libinit$$00000011)
    __rt_lib_init_lc_ctype_1                 0x000182af   Thumb Code     0  libinit2.o(.ARM.Collect$$libinit$$00000013)
    __rt_lib_init_lc_monetary_1              0x000182af   Thumb Code     0  libinit2.o(.ARM.Collect$$libinit$$00000015)
    __rt_lib_init_lc_numeric_1               0x000182af   Thumb Code     0  libinit2.o(.ARM.Collect$$libinit$$00000017)
    __rt_lib_init_lc_time_1                  0x000182af   Thumb Code     0  libinit2.o(.ARM.Collect$$libinit$$00000019)
    __rt_lib_init_preinit_1                  0x000182af   Thumb Code     0  libinit2.o(.ARM.Collect$$libinit$$00000004)
    __rt_lib_init_rand_1                     0x000182af   Thumb Code     0  libinit2.o(.ARM.Collect$$libinit$$0000000E)
    __rt_lib_init_return                     0x000182af   Thumb Code     0  libinit2.o(.ARM.Collect$$libinit$$00000033)
    __rt_lib_init_signal_1                   0x000182af   Thumb Code     0  libinit2.o(.ARM.Collect$$libinit$$0000001D)
    __rt_lib_init_stdio_1                    0x000182af   Thumb Code     0  libinit2.o(.ARM.Collect$$libinit$$00000025)
    __rt_lib_init_user_alloc_1               0x000182af   Thumb Code     0  libinit2.o(.ARM.Collect$$libinit$$0000000C)
    __rt_lib_shutdown                        0x000182b1   Thumb Code     0  libshutdown.o(.ARM.Collect$$libshutdown$$00000000)
    __rt_lib_shutdown_cpp_1                  0x000182b3   Thumb Code     0  libshutdown2.o(.ARM.Collect$$libshutdown$$00000004)
    __rt_lib_shutdown_fini_1                 0x000182b3   Thumb Code     0  libshutdown2.o(.ARM.Collect$$libshutdown$$00000002)
    __rt_lib_shutdown_fp_trap_1              0x000182b3   Thumb Code     0  libshutdown2.o(.ARM.Collect$$libshutdown$$00000009)
    __rt_lib_shutdown_heap_1                 0x000182b3   Thumb Code     0  libshutdown2.o(.ARM.Collect$$libshutdown$$00000011)
    __rt_lib_shutdown_return                 0x000182b3   Thumb Code     0  libshutdown2.o(.ARM.Collect$$libshutdown$$00000012)
    __rt_lib_shutdown_signal_1               0x000182b3   Thumb Code     0  libshutdown2.o(.ARM.Collect$$libshutdown$$0000000C)
    __rt_lib_shutdown_stdio_1                0x000182b3   Thumb Code     0  libshutdown2.o(.ARM.Collect$$libshutdown$$00000006)
    __rt_lib_shutdown_user_alloc_1           0x000182b3   Thumb Code     0  libshutdown2.o(.ARM.Collect$$libshutdown$$0000000E)
    __rt_entry                               0x000182b5   Thumb Code     0  __rtentry.o(.ARM.Collect$$rtentry$$00000000)
    __rt_entry_presh_1                       0x000182b5   Thumb Code     0  __rtentry2.o(.ARM.Collect$$rtentry$$00000002)
    __rt_entry_sh                            0x000182b5   Thumb Code     0  __rtentry4.o(.ARM.Collect$$rtentry$$00000004)
    __rt_entry_li                            0x000182bb   Thumb Code     0  __rtentry2.o(.ARM.Collect$$rtentry$$0000000A)
    __rt_entry_postsh_1                      0x000182bb   Thumb Code     0  __rtentry2.o(.ARM.Collect$$rtentry$$00000009)
    __rt_entry_main                          0x000182bf   Thumb Code     0  __rtentry2.o(.ARM.Collect$$rtentry$$0000000D)
    __rt_entry_postli_1                      0x000182bf   Thumb Code     0  __rtentry2.o(.ARM.Collect$$rtentry$$0000000C)
    __rt_exit                                0x000182c7   Thumb Code     0  rtexit.o(.ARM.Collect$$rtexit$$00000000)
    __rt_exit_ls                             0x000182c9   Thumb Code     0  rtexit2.o(.ARM.Collect$$rtexit$$00000003)
    __rt_exit_prels_1                        0x000182c9   Thumb Code     0  rtexit2.o(.ARM.Collect$$rtexit$$00000002)
    __rt_exit_exit                           0x000182cd   Thumb Code     0  rtexit2.o(.ARM.Collect$$rtexit$$00000004)
    am_hal_interrupt_master_enable           0x000182d5   Thumb Code     8  am_hal_interrupt.o(.emb_text)
    am_hal_interrupt_master_disable          0x000182dd   Thumb Code     8  am_hal_interrupt.o(.emb_text)
    am_hal_interrupt_master_set              0x000182e5   Thumb Code     6  am_hal_interrupt.o(.emb_text)
    __user_initial_stackheap                 0x000182ed   Thumb Code    10  startup_keil.o(.text)
    __aeabi_llsl                             0x00018305   Thumb Code     0  llshl.o(.text)
    _ll_shift_l                              0x00018305   Thumb Code    38  llshl.o(.text)
    __aeabi_llsr                             0x0001832b   Thumb Code     0  llushr.o(.text)
    _ll_ushift_r                             0x0001832b   Thumb Code    38  llushr.o(.text)
    __use_two_region_memory                  0x00018351   Thumb Code     2  heapauxi.o(.text)
    __rt_heap_escrow$2region                 0x00018353   Thumb Code     2  heapauxi.o(.text)
    __rt_heap_expand$2region                 0x00018355   Thumb Code     2  heapauxi.o(.text)
    __user_setup_stackheap                   0x00018357   Thumb Code    74  sys_stackheap_outer.o(.text)
    exit                                     0x000183a1   Thumb Code    18  exit.o(.text)
    __user_libspace                          0x000183b5   Thumb Code     8  libspace.o(.text)
    __user_perproc_libspace                  0x000183b5   Thumb Code     0  libspace.o(.text)
    __user_perthread_libspace                0x000183b5   Thumb Code     0  libspace.o(.text)
    _sys_exit                                0x000183bd   Thumb Code     8  sys_exit.o(.text)
    __I$use$semihosting                      0x000183c9   Thumb Code     0  use_no_semi.o(.text)
    __use_no_semihosting_swi                 0x000183c9   Thumb Code     2  use_no_semi.o(.text)
    __ARM_common_memcpy4_5                   0x000183cb   Thumb Code    10  am_hal_cachectrl.o(i.__ARM_common_memcpy4_5)
    __semihosting_library_function           0x000183cb   Thumb Code     0  indicate_semi.o(.text)
    am_bsp_debug_printf_disable              0x000183d5   Thumb Code   170  am_bsp.o(i.am_bsp_debug_printf_disable)
    am_bsp_debug_printf_enable               0x00018489   Thumb Code   354  am_bsp.o(i.am_bsp_debug_printf_enable)
    am_bsp_low_power_init                    0x00018621   Thumb Code    22  am_bsp.o(i.am_bsp_low_power_init)
    am_bsp_uart_string_print                 0x00018639   Thumb Code    66  am_bsp.o(i.am_bsp_uart_string_print)
    am_hal_cachectrl_config                  0x00018685   Thumb Code    72  am_hal_cachectrl.o(i.am_hal_cachectrl_config)
    am_hal_cachectrl_enable                  0x000186cd   Thumb Code    24  am_hal_cachectrl.o(i.am_hal_cachectrl_enable)
    am_hal_daxi_config                       0x000186e5   Thumb Code   144  am_hal_cachectrl.o(i.am_hal_daxi_config)
    am_hal_daxi_control                      0x0001877d   Thumb Code   118  am_hal_cachectrl.o(i.am_hal_daxi_control)
    am_hal_dcu_get                           0x000187fd   Thumb Code   132  am_hal_dcu.o(i.am_hal_dcu_get)
    am_hal_dcu_update                        0x0001888d   Thumb Code   214  am_hal_dcu.o(i.am_hal_dcu_update)
    am_hal_delay_us                          0x00018971   Thumb Code    34  am_hal_utils.o(i.am_hal_delay_us)
    am_hal_delay_us_status_change            0x0001899d   Thumb Code    80  am_hal_utils.o(i.am_hal_delay_us_status_change)
    am_hal_delay_us_status_check             0x000189f5   Thumb Code    92  am_hal_utils.o(i.am_hal_delay_us_status_check)
    am_hal_gpio_pinconfig                    0x00018a59   Thumb Code   112  am_hal_gpio.o(i.am_hal_gpio_pinconfig)
    am_hal_itm_disable                       0x00018ad5   Thumb Code   164  am_hal_itm.o(i.am_hal_itm_disable)
    am_hal_itm_enable                        0x00018b9d   Thumb Code    44  am_hal_itm.o(i.am_hal_itm_enable)
    am_hal_itm_print                         0x00018be5   Thumb Code    48  am_hal_itm.o(i.am_hal_itm_print)
    am_hal_mram_info_read                    0x00018c15   Thumb Code   108  am_hal_mram.o(i.am_hal_mram_info_read)
    am_hal_mram_main_program                 0x00018c85   Thumb Code    72  am_hal_mram.o(i.am_hal_mram_main_program)
    am_hal_pwrctrl_control                   0x00018cd5   Thumb Code   484  am_hal_pwrctrl.o(i.am_hal_pwrctrl_control)
    am_hal_pwrctrl_low_power_init            0x00018ecd   Thumb Code   216  am_hal_pwrctrl.o(i.am_hal_pwrctrl_low_power_init)
    am_hal_pwrctrl_mcu_memory_config         0x00018fc1   Thumb Code   276  am_hal_pwrctrl.o(i.am_hal_pwrctrl_mcu_memory_config)
    am_hal_pwrctrl_mcu_mode_select           0x000190dd   Thumb Code   110  am_hal_pwrctrl.o(i.am_hal_pwrctrl_mcu_mode_select)
    am_hal_pwrctrl_mcu_mode_status           0x00019155   Thumb Code    18  am_hal_pwrctrl.o(i.am_hal_pwrctrl_mcu_mode_status)
    am_hal_pwrctrl_periph_disable            0x0001916d   Thumb Code   274  am_hal_pwrctrl.o(i.am_hal_pwrctrl_periph_disable)
    am_hal_pwrctrl_periph_enable             0x00019299   Thumb Code   166  am_hal_pwrctrl.o(i.am_hal_pwrctrl_periph_enable)
    am_hal_pwrctrl_sram_config               0x0001934d   Thumb Code   166  am_hal_pwrctrl.o(i.am_hal_pwrctrl_sram_config)
    am_hal_queue_init                        0x000193fd   Thumb Code    24  am_hal_queue.o(i.am_hal_queue_init)
    am_hal_queue_item_add                    0x00019415   Thumb Code    86  am_hal_queue.o(i.am_hal_queue_item_add)
    am_hal_queue_item_get                    0x0001946b   Thumb Code    82  am_hal_queue.o(i.am_hal_queue_item_get)
    am_hal_rtc_osc_disable                   0x000194bd   Thumb Code    14  am_hal_rtc.o(i.am_hal_rtc_osc_disable)
    am_hal_sysctrl_sleep                     0x000194d1   Thumb Code   280  am_hal_sysctrl.o(i.am_hal_sysctrl_sleep)
    am_hal_tpiu_enable                       0x000195fd   Thumb Code    82  am_hal_tpiu.o(i.am_hal_tpiu_enable)
    am_hal_uart_buffer_configure             0x00019669   Thumb Code   112  am_hal_uart.o(i.am_hal_uart_buffer_configure)
    am_hal_uart_configure                    0x000196dd   Thumb Code   392  am_hal_uart.o(i.am_hal_uart_configure)
    am_hal_uart_deinitialize                 0x00019889   Thumb Code    42  am_hal_uart.o(i.am_hal_uart_deinitialize)
    am_hal_uart_initialize                   0x000198b9   Thumb Code   120  am_hal_uart.o(i.am_hal_uart_initialize)
    am_hal_uart_power_control                0x00019939   Thumb Code   226  am_hal_uart.o(i.am_hal_uart_power_control)
    am_hal_uart_transfer                     0x00019a21   Thumb Code   626  am_hal_uart.o(i.am_hal_uart_transfer)
    am_hal_uart_tx_flush                     0x00019c9d   Thumb Code   158  am_hal_uart.o(i.am_hal_uart_tx_flush)
    am_util_stdio_printf                     0x00019d41   Thumb Code    50  am_util_stdio.o(i.am_util_stdio_printf)
    am_util_stdio_printf_init                0x00019d7d   Thumb Code     6  am_util_stdio.o(i.am_util_stdio_printf_init)
    am_util_stdio_terminal_clear             0x00019d89   Thumb Code    10  am_util_stdio.o(i.am_util_stdio_terminal_clear)
    am_util_stdio_vsprintf                   0x00019da9   Thumb Code   932  am_util_stdio.o(i.am_util_stdio_vsprintf)
    buck_ldo_override_init                   0x0001a15d   Thumb Code   160  am_hal_pwrctrl.o(i.buck_ldo_override_init)
    buck_ldo_update_override                 0x0001a205   Thumb Code    28  am_hal_pwrctrl.o(i.buck_ldo_update_override)
    crypto_boost_trims                       0x0001a24d   Thumb Code   166  am_hal_pwrctrl.o(i.crypto_boost_trims)
    main                                     0x0001a585   Thumb Code   126  apollo4_project.o(i.main)
    __aeabi_d2f                              0x0001ab19   Thumb Code     0  d2f.o(x$fpl$d2f)
    _d2f                                     0x0001ab19   Thumb Code    98  d2f.o(x$fpl$d2f)
    __fpl_dnaninf                            0x0001ab7b   Thumb Code   156  dnaninf.o(x$fpl$dnaninf)
    _fp_init                                 0x0001ac17   Thumb Code    10  fpinit.o(x$fpl$fpinit)
    __fplib_config_fpu_vfp                   0x0001ac1f   Thumb Code     0  fpinit.o(x$fpl$fpinit)
    __fplib_config_pureend_doubles           0x0001ac1f   Thumb Code     0  fpinit.o(x$fpl$fpinit)
    __fpl_fretinf                            0x0001ac21   Thumb Code    10  fretinf.o(x$fpl$fretinf)
    __I$use$fp                               0x0001ac2a   Number         0  usenofp.o(x$fpl$usenofp)
    ui32MCUAllowed                           0x0001ac44   Data          20  am_resources.o(.constdata)
    ui32DSP0Allowed                          0x0001ac58   Data          20  am_resources.o(.constdata)
    ui32DSP1Allowed                          0x0001ac6c   Data          20  am_resources.o(.constdata)
    ui32SharedAccess                         0x0001ac80   Data          20  am_resources.o(.constdata)
    sGlobalAccess                            0x0001ac94   Data          28  am_resources.o(.constdata)
    am_hal_cachectrl_defaults                0x0001acb0   Data           3  am_hal_cachectrl.o(.constdata)
    am_hal_daxi_defaults                     0x0001acb3   Data           5  am_hal_cachectrl.o(.constdata)
    g_am_hal_bootrom_helper                  0x0001ace4   Data          40  am_hal_bootrom_helper.o(.constdata)
    am_hal_gpio_pincfg_disabled              0x0001ad0c   Data           4  am_hal_gpio.o(.constdata)
    g_DefaultMcuMemCfg                       0x0001ad30   Data           6  am_hal_pwrctrl.o(.constdata)
    g_DefaultSRAMCfg                         0x0001ad36   Data           6  am_hal_pwrctrl.o(.constdata)
    am_hal_pwrctrl_peripheral_control        0x0001ad3c   Data         400  am_hal_pwrctrl.o(.constdata)
    Region$$Table$$Base                      0x0001aecc   Number         0  anon$$obj.o(Region$$Table)
    Region$$Table$$Limit                     0x0001aefc   Number         0  anon$$obj.o(Region$$Table)
    x                                        0x0001af00   Data           4  apollo4_project.o(_nv)
    x_cpy                                    0x0001af10   Data           4  apollo4_project.o(_nv)
    returnCode                               0x10000000   Data           4  apollo4_project.o(.data)
    g_pfnCharPrint                           0x10000004   Data           4  am_util_stdio.o(.data)
    gDaxiConfig                              0x10000009   Data           5  am_hal_cachectrl.o(.data)
    gStartOff                                0x10000018   Data           4  am_hal_dcu.o(.data)
    gpDcuEnable                              0x1000001c   Data           4  am_hal_dcu.o(.data)
    gpDcuLock                                0x10000020   Data           4  am_hal_dcu.o(.data)
    gDcuEnable                               0x10000028   Data           8  am_hal_dcu.o(.data)
    gDcuDisable                              0x10000030   Data           8  am_hal_dcu.o(.data)
    g_eCurrPwrMode                           0x10000038   Data           1  am_hal_pwrctrl.o(.data)
    g_ui32TrimVer                            0x1000003c   Data           4  am_hal_pwrctrl.o(.data)
    g_ui32origSimobuckVDDStrim               0x10000040   Data           4  am_hal_pwrctrl.o(.data)
    g_AM_BSP_GPIO_COM_UART_TX                0x10000064   Data           4  am_bsp_pins.o(.data)
    g_AM_BSP_GPIO_COM_UART_RX                0x10000068   Data           4  am_bsp_pins.o(.data)
    g_AM_BSP_GPIO_ITM_SWO                    0x1000006c   Data           4  am_bsp_pins.o(.data)
    g_am_hal_uart_states                     0x10000c80   Data         736  am_hal_uart.o(.bss)
    __libspace_start                         0x10000f60   Data          96  libspace.o(.bss)
    __temporary_stack_top$libspace           0x10000fc0   Data           0  libspace.o(.bss)
    psGlobalAccessPtr                        0x10060000   Data           4  am_resources.o(RESOURCE_TABLE)
    ui32MCUClaimed                           0x10060004   Data          20  am_resources.o(SHARED_RW)
    ui32DSP0Claimed                          0x10060018   Data          20  am_resources.o(SHARED_RW)
    ui32DSP1Claimed                          0x1006002c   Data          20  am_resources.o(SHARED_RW)



==============================================================================

Memory Map of the image

  Image Entry point : 0x00018235

  Load Region LR_1 (Base: 0x00018000, Size: 0x00002fc4, Max: 0xffffffff, ABSOLUTE)

    Execution Region MCU_MRAM (Exec base: 0x00018000, Load base: 0x00018000, Size: 0x00002f14, Max: 0x001e8000, ABSOLUTE)

    Exec Addr    Load Addr    Size         Type   Attr      Idx    E Section Name        Object

    0x00018000   0x00018000   0x00000234   Code   RO          576    RESET               startup_keil.o
    0x00018234   0x00018234   0x00000008   Code   RO         1173  * !!!main             c_w.l(__main.o)
    0x0001823c   0x0001823c   0x00000034   Code   RO         1341    !!!scatter          c_w.l(__scatter.o)
    0x00018270   0x00018270   0x0000001a   Code   RO         1175    !!handler_copy      c_w.l(__scatter_copy.o)
    0x0001828a   0x0001828a   0x00000002   PAD
    0x0001828c   0x0001828c   0x0000001c   Code   RO         1343    !!handler_zi        c_w.l(__scatter_zi.o)
    0x000182a8   0x000182a8   0x00000002   Code   RO         1209    .ARM.Collect$$libinit$$00000000  c_w.l(libinit.o)
    0x000182aa   0x000182aa   0x00000004   Code   RO         1215    .ARM.Collect$$libinit$$00000001  c_w.l(libinit2.o)
    0x000182ae   0x000182ae   0x00000000   Code   RO         1218    .ARM.Collect$$libinit$$00000004  c_w.l(libinit2.o)
    0x000182ae   0x000182ae   0x00000000   Code   RO         1221    .ARM.Collect$$libinit$$0000000A  c_w.l(libinit2.o)
    0x000182ae   0x000182ae   0x00000000   Code   RO         1223    .ARM.Collect$$libinit$$0000000C  c_w.l(libinit2.o)
    0x000182ae   0x000182ae   0x00000000   Code   RO         1225    .ARM.Collect$$libinit$$0000000E  c_w.l(libinit2.o)
    0x000182ae   0x000182ae   0x00000000   Code   RO         1228    .ARM.Collect$$libinit$$00000011  c_w.l(libinit2.o)
    0x000182ae   0x000182ae   0x00000000   Code   RO         1230    .ARM.Collect$$libinit$$00000013  c_w.l(libinit2.o)
    0x000182ae   0x000182ae   0x00000000   Code   RO         1232    .ARM.Collect$$libinit$$00000015  c_w.l(libinit2.o)
    0x000182ae   0x000182ae   0x00000000   Code   RO         1234    .ARM.Collect$$libinit$$00000017  c_w.l(libinit2.o)
    0x000182ae   0x000182ae   0x00000000   Code   RO         1236    .ARM.Collect$$libinit$$00000019  c_w.l(libinit2.o)
    0x000182ae   0x000182ae   0x00000000   Code   RO         1238    .ARM.Collect$$libinit$$0000001B  c_w.l(libinit2.o)
    0x000182ae   0x000182ae   0x00000000   Code   RO         1240    .ARM.Collect$$libinit$$0000001D  c_w.l(libinit2.o)
    0x000182ae   0x000182ae   0x00000000   Code   RO         1242    .ARM.Collect$$libinit$$0000001F  c_w.l(libinit2.o)
    0x000182ae   0x000182ae   0x00000000   Code   RO         1244    .ARM.Collect$$libinit$$00000021  c_w.l(libinit2.o)
    0x000182ae   0x000182ae   0x00000000   Code   RO         1246    .ARM.Collect$$libinit$$00000023  c_w.l(libinit2.o)
    0x000182ae   0x000182ae   0x00000000   Code   RO         1248    .ARM.Collect$$libinit$$00000025  c_w.l(libinit2.o)
    0x000182ae   0x000182ae   0x00000000   Code   RO         1252    .ARM.Collect$$libinit$$0000002C  c_w.l(libinit2.o)
    0x000182ae   0x000182ae   0x00000000   Code   RO         1254    .ARM.Collect$$libinit$$0000002E  c_w.l(libinit2.o)
    0x000182ae   0x000182ae   0x00000000   Code   RO         1256    .ARM.Collect$$libinit$$00000030  c_w.l(libinit2.o)
    0x000182ae   0x000182ae   0x00000000   Code   RO         1258    .ARM.Collect$$libinit$$00000032  c_w.l(libinit2.o)
    0x000182ae   0x000182ae   0x00000002   Code   RO         1259    .ARM.Collect$$libinit$$00000033  c_w.l(libinit2.o)
    0x000182b0   0x000182b0   0x00000002   Code   RO         1279    .ARM.Collect$$libshutdown$$00000000  c_w.l(libshutdown.o)
    0x000182b2   0x000182b2   0x00000000   Code   RO         1292    .ARM.Collect$$libshutdown$$00000002  c_w.l(libshutdown2.o)
    0x000182b2   0x000182b2   0x00000000   Code   RO         1294    .ARM.Collect$$libshutdown$$00000004  c_w.l(libshutdown2.o)
    0x000182b2   0x000182b2   0x00000000   Code   RO         1296    .ARM.Collect$$libshutdown$$00000006  c_w.l(libshutdown2.o)
    0x000182b2   0x000182b2   0x00000000   Code   RO         1299    .ARM.Collect$$libshutdown$$00000009  c_w.l(libshutdown2.o)
    0x000182b2   0x000182b2   0x00000000   Code   RO         1302    .ARM.Collect$$libshutdown$$0000000C  c_w.l(libshutdown2.o)
    0x000182b2   0x000182b2   0x00000000   Code   RO         1304    .ARM.Collect$$libshutdown$$0000000E  c_w.l(libshutdown2.o)
    0x000182b2   0x000182b2   0x00000000   Code   RO         1307    .ARM.Collect$$libshutdown$$00000011  c_w.l(libshutdown2.o)
    0x000182b2   0x000182b2   0x00000002   Code   RO         1308    .ARM.Collect$$libshutdown$$00000012  c_w.l(libshutdown2.o)
    0x000182b4   0x000182b4   0x00000000   Code   RO         1179    .ARM.Collect$$rtentry$$00000000  c_w.l(__rtentry.o)
    0x000182b4   0x000182b4   0x00000000   Code   RO         1186    .ARM.Collect$$rtentry$$00000002  c_w.l(__rtentry2.o)
    0x000182b4   0x000182b4   0x00000006   Code   RO         1198    .ARM.Collect$$rtentry$$00000004  c_w.l(__rtentry4.o)
    0x000182ba   0x000182ba   0x00000000   Code   RO         1188    .ARM.Collect$$rtentry$$00000009  c_w.l(__rtentry2.o)
    0x000182ba   0x000182ba   0x00000004   Code   RO         1189    .ARM.Collect$$rtentry$$0000000A  c_w.l(__rtentry2.o)
    0x000182be   0x000182be   0x00000000   Code   RO         1191    .ARM.Collect$$rtentry$$0000000C  c_w.l(__rtentry2.o)
    0x000182be   0x000182be   0x00000008   Code   RO         1192    .ARM.Collect$$rtentry$$0000000D  c_w.l(__rtentry2.o)
    0x000182c6   0x000182c6   0x00000002   Code   RO         1213    .ARM.Collect$$rtexit$$00000000  c_w.l(rtexit.o)
    0x000182c8   0x000182c8   0x00000000   Code   RO         1261    .ARM.Collect$$rtexit$$00000002  c_w.l(rtexit2.o)
    0x000182c8   0x000182c8   0x00000004   Code   RO         1262    .ARM.Collect$$rtexit$$00000003  c_w.l(rtexit2.o)
    0x000182cc   0x000182cc   0x00000006   Code   RO         1263    .ARM.Collect$$rtexit$$00000004  c_w.l(rtexit2.o)
    0x000182d2   0x000182d2   0x00000002   PAD
    0x000182d4   0x000182d4   0x00000016   Code   RO          756    .emb_text           libam_hal.lib(am_hal_interrupt.o)
    0x000182ea   0x000182ea   0x00000002   PAD
    0x000182ec   0x000182ec   0x00000018   Code   RO          577    .text               startup_keil.o
    0x00018304   0x00018304   0x00000026   Code   RO         1167    .text               c_w.l(llshl.o)
    0x0001832a   0x0001832a   0x00000026   Code   RO         1169    .text               c_w.l(llushr.o)
    0x00018350   0x00018350   0x00000006   Code   RO         1171    .text               c_w.l(heapauxi.o)
    0x00018356   0x00018356   0x0000004a   Code   RO         1200    .text               c_w.l(sys_stackheap_outer.o)
    0x000183a0   0x000183a0   0x00000012   Code   RO         1202    .text               c_w.l(exit.o)
    0x000183b2   0x000183b2   0x00000002   PAD
    0x000183b4   0x000183b4   0x00000008   Code   RO         1210    .text               c_w.l(libspace.o)
    0x000183bc   0x000183bc   0x0000000c   Code   RO         1271    .text               c_w.l(sys_exit.o)
    0x000183c8   0x000183c8   0x00000002   Code   RO         1282    .text               c_w.l(use_no_semi.o)
    0x000183ca   0x000183ca   0x00000000   Code   RO         1284    .text               c_w.l(indicate_semi.o)
    0x000183ca   0x000183ca   0x0000000a   Code   RO          611    i.__ARM_common_memcpy4_5  libam_hal.lib(am_hal_cachectrl.o)
    0x000183d4   0x000183d4   0x000000b4   Code   RO          690    i.am_bsp_debug_printf_disable  libam_bsp.lib(am_bsp.o)
    0x00018488   0x00018488   0x00000198   Code   RO          691    i.am_bsp_debug_printf_enable  libam_bsp.lib(am_bsp.o)
    0x00018620   0x00018620   0x00000016   Code   RO          701    i.am_bsp_low_power_init  libam_bsp.lib(am_bsp.o)
    0x00018636   0x00018636   0x00000002   PAD
    0x00018638   0x00018638   0x0000004c   Code   RO          711    i.am_bsp_uart_string_print  libam_bsp.lib(am_bsp.o)
    0x00018684   0x00018684   0x00000048   Code   RO          587    i.am_hal_cachectrl_config  libam_hal.lib(am_hal_cachectrl.o)
    0x000186cc   0x000186cc   0x00000018   Code   RO          590    i.am_hal_cachectrl_enable  libam_hal.lib(am_hal_cachectrl.o)
    0x000186e4   0x000186e4   0x00000098   Code   RO          592    i.am_hal_daxi_config  libam_hal.lib(am_hal_cachectrl.o)
    0x0001877c   0x0001877c   0x00000080   Code   RO          594    i.am_hal_daxi_control  libam_hal.lib(am_hal_cachectrl.o)
    0x000187fc   0x000187fc   0x00000090   Code   RO          887    i.am_hal_dcu_get    libam_hal.lib(am_hal_dcu.o)
    0x0001888c   0x0001888c   0x000000e4   Code   RO          891    i.am_hal_dcu_update  libam_hal.lib(am_hal_dcu.o)
    0x00018970   0x00018970   0x0000002c   Code   RO          671    i.am_hal_delay_us   libam_hal.lib(am_hal_utils.o)
    0x0001899c   0x0001899c   0x00000058   Code   RO          672    i.am_hal_delay_us_status_change  libam_hal.lib(am_hal_utils.o)
    0x000189f4   0x000189f4   0x00000064   Code   RO          673    i.am_hal_delay_us_status_check  libam_hal.lib(am_hal_utils.o)
    0x00018a58   0x00018a58   0x0000007c   Code   RO          914    i.am_hal_gpio_pinconfig  libam_hal.lib(am_hal_gpio.o)
    0x00018ad4   0x00018ad4   0x000000c8   Code   RO          764    i.am_hal_itm_disable  libam_hal.lib(am_hal_itm.o)
    0x00018b9c   0x00018b9c   0x00000048   Code   RO          765    i.am_hal_itm_enable  libam_hal.lib(am_hal_itm.o)
    0x00018be4   0x00018be4   0x00000030   Code   RO          767    i.am_hal_itm_print  libam_hal.lib(am_hal_itm.o)
    0x00018c14   0x00018c14   0x00000070   Code   RO          637    i.am_hal_mram_info_read  libam_hal.lib(am_hal_mram.o)
    0x00018c84   0x00018c84   0x00000050   Code   RO          639    i.am_hal_mram_main_program  libam_hal.lib(am_hal_mram.o)
    0x00018cd4   0x00018cd4   0x000001f8   Code   RO          949    i.am_hal_pwrctrl_control  libam_hal.lib(am_hal_pwrctrl.o)
    0x00018ecc   0x00018ecc   0x000000f4   Code   RO          950    i.am_hal_pwrctrl_low_power_init  libam_hal.lib(am_hal_pwrctrl.o)
    0x00018fc0   0x00018fc0   0x0000011c   Code   RO          951    i.am_hal_pwrctrl_mcu_memory_config  libam_hal.lib(am_hal_pwrctrl.o)
    0x000190dc   0x000190dc   0x00000078   Code   RO          953    i.am_hal_pwrctrl_mcu_mode_select  libam_hal.lib(am_hal_pwrctrl.o)
    0x00019154   0x00019154   0x00000018   Code   RO          954    i.am_hal_pwrctrl_mcu_mode_status  libam_hal.lib(am_hal_pwrctrl.o)
    0x0001916c   0x0001916c   0x0000012c   Code   RO          955    i.am_hal_pwrctrl_periph_disable  libam_hal.lib(am_hal_pwrctrl.o)
    0x00019298   0x00019298   0x000000b4   Code   RO          956    i.am_hal_pwrctrl_periph_enable  libam_hal.lib(am_hal_pwrctrl.o)
    0x0001934c   0x0001934c   0x000000b0   Code   RO          959    i.am_hal_pwrctrl_sram_config  libam_hal.lib(am_hal_pwrctrl.o)
    0x000193fc   0x000193fc   0x00000018   Code   RO         1156    i.am_hal_queue_init  libam_hal.lib(am_hal_queue.o)
    0x00019414   0x00019414   0x00000056   Code   RO         1157    i.am_hal_queue_item_add  libam_hal.lib(am_hal_queue.o)
    0x0001946a   0x0001946a   0x00000052   Code   RO         1158    i.am_hal_queue_item_get  libam_hal.lib(am_hal_queue.o)
    0x000194bc   0x000194bc   0x00000014   Code   RO          804    i.am_hal_rtc_osc_disable  libam_hal.lib(am_hal_rtc.o)
    0x000194d0   0x000194d0   0x0000012c   Code   RO          658    i.am_hal_sysctrl_sleep  libam_hal.lib(am_hal_sysctrl.o)
    0x000195fc   0x000195fc   0x0000006c   Code   RO          831    i.am_hal_tpiu_enable  libam_hal.lib(am_hal_tpiu.o)
    0x00019668   0x00019668   0x00000074   Code   RO          840    i.am_hal_uart_buffer_configure  libam_hal.lib(am_hal_uart.o)
    0x000196dc   0x000196dc   0x000001ac   Code   RO          841    i.am_hal_uart_configure  libam_hal.lib(am_hal_uart.o)
    0x00019888   0x00019888   0x00000030   Code   RO          842    i.am_hal_uart_deinitialize  libam_hal.lib(am_hal_uart.o)
    0x000198b8   0x000198b8   0x00000080   Code   RO          846    i.am_hal_uart_initialize  libam_hal.lib(am_hal_uart.o)
    0x00019938   0x00019938   0x000000e8   Code   RO          853    i.am_hal_uart_power_control  libam_hal.lib(am_hal_uart.o)
    0x00019a20   0x00019a20   0x0000027c   Code   RO          854    i.am_hal_uart_transfer  libam_hal.lib(am_hal_uart.o)
    0x00019c9c   0x00019c9c   0x000000a4   Code   RO          855    i.am_hal_uart_tx_flush  libam_hal.lib(am_hal_uart.o)
    0x00019d40   0x00019d40   0x0000003c   Code   RO          394    i.am_util_stdio_printf  am_util_stdio.o
    0x00019d7c   0x00019d7c   0x0000000c   Code   RO          395    i.am_util_stdio_printf_init  am_util_stdio.o
    0x00019d88   0x00019d88   0x00000020   Code   RO          399    i.am_util_stdio_terminal_clear  am_util_stdio.o
    0x00019da8   0x00019da8   0x000003b4   Code   RO          403    i.am_util_stdio_vsprintf  am_util_stdio.o
    0x0001a15c   0x0001a15c   0x000000a8   Code   RO          962    i.buck_ldo_override_init  libam_hal.lib(am_hal_pwrctrl.o)
    0x0001a204   0x0001a204   0x00000020   Code   RO          963    i.buck_ldo_update_override  libam_hal.lib(am_hal_pwrctrl.o)
    0x0001a224   0x0001a224   0x00000028   Code   RO          892    i.copy_words        libam_hal.lib(am_hal_dcu.o)
    0x0001a24c   0x0001a24c   0x000000b0   Code   RO          964    i.crypto_boost_trims  libam_hal.lib(am_hal_pwrctrl.o)
    0x0001a2fc   0x0001a2fc   0x00000042   Code   RO          404    i.decstr_to_int     am_util_stdio.o
    0x0001a33e   0x0001a33e   0x000000cc   Code   RO          405    i.divu64_10         am_util_stdio.o
    0x0001a40a   0x0001a40a   0x00000002   PAD
    0x0001a40c   0x0001a40c   0x00000178   Code   RO          406    i.ftoa              am_util_stdio.o
    0x0001a584   0x0001a584   0x00000140   Code   RO          242    i.main              apollo4_project.o
    0x0001a6c4   0x0001a6c4   0x00000034   Code   RO          407    i.ndigits_in_hex    am_util_stdio.o
    0x0001a6f8   0x0001a6f8   0x00000024   Code   RO          408    i.ndigits_in_i64    am_util_stdio.o
    0x0001a71c   0x0001a71c   0x0000003a   Code   RO          409    i.ndigits_in_u64    am_util_stdio.o
    0x0001a756   0x0001a756   0x00000134   Code   RO          856    i.nonblocking_read_sm  libam_hal.lib(am_hal_uart.o)
    0x0001a88a   0x0001a88a   0x0000015a   Code   RO          857    i.nonblocking_write_sm  libam_hal.lib(am_hal_uart.o)
    0x0001a9e4   0x0001a9e4   0x00000022   Code   RO          410    i.padbuffer         am_util_stdio.o
    0x0001aa06   0x0001aa06   0x00000018   Code   RO          411    i.simple_strlen     am_util_stdio.o
    0x0001aa1e   0x0001aa1e   0x0000008a   Code   RO          412    i.uint64_to_hexstr  am_util_stdio.o
    0x0001aaa8   0x0001aaa8   0x00000070   Code   RO          413    i.uint64_to_str     am_util_stdio.o
    0x0001ab18   0x0001ab18   0x00000062   Code   RO         1177    x$fpl$d2f           fz_wm.l(d2f.o)
    0x0001ab7a   0x0001ab7a   0x0000009c   Code   RO         1180    x$fpl$dnaninf       fz_wm.l(dnaninf.o)
    0x0001ac16   0x0001ac16   0x0000000a   Code   RO         1269    x$fpl$fpinit        fz_wm.l(fpinit.o)
    0x0001ac20   0x0001ac20   0x0000000a   Code   RO         1182    x$fpl$fretinf       fz_wm.l(fretinf.o)
    0x0001ac2a   0x0001ac2a   0x00000000   Code   RO         1184    x$fpl$usenofp       fz_wm.l(usenofp.o)
    0x0001ac2a   0x0001ac2a   0x00000002   PAD
    0x0001ac2c   0x0001ac2c   0x00000084   Data   RO            4    .constdata          am_resources.o
    0x0001acb0   0x0001acb0   0x00000003   Data   RO          596    .constdata          libam_hal.lib(am_hal_cachectrl.o)
    0x0001acb3   0x0001acb3   0x00000005   Data   RO          597    .constdata          libam_hal.lib(am_hal_cachectrl.o)
    0x0001acb8   0x0001acb8   0x0000002c   Data   RO          713    .constdata          libam_bsp.lib(am_bsp.o)
    0x0001ace4   0x0001ace4   0x00000028   Data   RO          749    .constdata          libam_hal.lib(am_hal_bootrom_helper.o)
    0x0001ad0c   0x0001ad0c   0x00000004   Data   RO          925    .constdata          libam_hal.lib(am_hal_gpio.o)
    0x0001ad10   0x0001ad10   0x00000020   Data   RO          928    .constdata          libam_hal.lib(am_hal_gpio.o)
    0x0001ad30   0x0001ad30   0x0000019c   Data   RO          965    .constdata          libam_hal.lib(am_hal_pwrctrl.o)
    0x0001aecc   0x0001aecc   0x00000030   Data   RO         1339    Region$$Table       anon$$obj.o
    0x0001aefc   0x0001aefc   0x00000004   PAD
    0x0001af00   0x0001af00   0x00000014   Data   RW          246    _nv                 apollo4_project.o


    Execution Region MCU_TCM (Exec base: 0x10000000, Load base: 0x0001af14, Size: 0x00001fc0, Max: 0x00060000, ABSOLUTE)

    Exec Addr    Load Addr    Size         Type   Attr      Idx    E Section Name        Object

    0x10000000   0x0001af14   0x00000004   Data   RW          245    .data               apollo4_project.o
    0x10000004   0x0001af18   0x00000005   Data   RW          415    .data               am_util_stdio.o
    0x10000009   0x0001af1d   0x00000005   Data   RW          598    .data               libam_hal.lib(am_hal_cachectrl.o)
    0x1000000e   0x0001af22   0x00000002   PAD
    0x10000010   0x0001af24   0x00000008   Data   RW          717    .data               libam_bsp.lib(am_bsp.o)
    0x10000018   0x0001af2c   0x00000020   Data   RW          893    .data               libam_hal.lib(am_hal_dcu.o)
    0x10000038   0x0001af4c   0x0000002c   Data   RW          966    .data               libam_hal.lib(am_hal_pwrctrl.o)
    0x10000064   0x0001af78   0x00000004   Data   RW          994    .data               libam_bsp.lib(am_bsp_pins.o)
    0x10000068   0x0001af7c   0x00000004   Data   RW          995    .data               libam_bsp.lib(am_bsp_pins.o)
    0x1000006c   0x0001af80   0x00000004   Data   RW         1097    .data               libam_bsp.lib(am_bsp_pins.o)
    0x10000070        -       0x00000010   Zero   RW          243    .bss                apollo4_project.o
    0x10000080        -       0x00000400   Zero   RW          414    .bss                am_util_stdio.o
    0x10000480        -       0x00000800   Zero   RW          712    .bss                libam_bsp.lib(am_bsp.o)
    0x10000c80        -       0x000002e0   Zero   RW          860    .bss                libam_hal.lib(am_hal_uart.o)
    0x10000f60        -       0x00000060   Zero   RW         1211    .bss                c_w.l(libspace.o)
    0x10000fc0        -       0x00000000   Zero   RW          575    HEAP                startup_keil.o
    0x10000fc0        -       0x00001000   Zero   RW          574    STACK               startup_keil.o


    Execution Region SHARED_SRAM (Exec base: 0x10060000, Load base: 0x0001af84, Size: 0x00000040, Max: 0x00100000, ABSOLUTE)

    Exec Addr    Load Addr    Size         Type   Attr      Idx    E Section Name        Object

    0x10060000   0x0001af84   0x00000004   Data   RW            5    RESOURCE_TABLE      am_resources.o
    0x10060004   0x0001af88   0x0000003c   Data   RW            6    SHARED_RW           am_resources.o


==============================================================================

Image component sizes


      Code (inc. data)   RO Data    RW Data    ZI Data      Debug   Object Name

         0          0        132         64          0      12825   am_resources.o
      2152         60          0          5       1024      13940   am_util_stdio.o
       320        194          0         24         16       3416   apollo4_project.o
       588        530          0          0       4096       1368   startup_keil.o

    ----------------------------------------------------------------------
      3062        784        180         97       5136      31549   Object Totals
         0          0         48          0          0          0   (incl. Generated)
         2          0          0          4          0          0   (incl. Padding)

    ----------------------------------------------------------------------

      Code (inc. data)   RO Data    RW Data    ZI Data      Debug   Library Member Name

         8          0          0          0          0         68   __main.o
         0          0          0          0          0          0   __rtentry.o
        12          0          0          0          0          0   __rtentry2.o
         6          0          0          0          0          0   __rtentry4.o
        52          8          0          0          0          0   __scatter.o
        26          0          0          0          0         68   __scatter_copy.o
        28          0          0          0          0          0   __scatter_zi.o
        18          0          0          0          0         80   exit.o
         6          0          0          0          0        152   heapauxi.o
         0          0          0          0          0          0   indicate_semi.o
         2          0          0          0          0          0   libinit.o
         6          0          0          0          0          0   libinit2.o
         2          0          0          0          0          0   libshutdown.o
         2          0          0          0          0          0   libshutdown2.o
         8          4          0          0         96         68   libspace.o
        38          0          0          0          0         68   llshl.o
        38          0          0          0          0         68   llushr.o
         2          0          0          0          0          0   rtexit.o
        10          0          0          0          0          0   rtexit2.o
        12          4          0          0          0         68   sys_exit.o
        74          0          0          0          0         80   sys_stackheap_outer.o
         2          0          0          0          0         68   use_no_semi.o
        98          4          0          0          0        140   d2f.o
       156          4          0          0          0        140   dnaninf.o
        10          0          0          0          0        116   fpinit.o
        10          0          0          0          0        116   fretinf.o
         0          0          0          0          0          0   usenofp.o
       686         74         44          8       2048        548   am_bsp.o
         0          0          0         12          0          0   am_bsp_pins.o
         0          0         40          0          0          0   am_hal_bootrom_helper.o
       386         18          8          5          0        624   am_hal_cachectrl.o
       412         26          0         32          0        428   am_hal_dcu.o
       124         12         36          0          0        144   am_hal_gpio.o
        22          0          0          0          0        148   am_hal_interrupt.o
       320         64          0          0          0        364   am_hal_itm.o
       192         12          0          0          0        276   am_hal_mram.o
      2208        144        412         44          0       1420   am_hal_pwrctrl.o
       192          0          0          0          0        380   am_hal_queue.o
        20          6          0          0          0        116   am_hal_rtc.o
       300         20          0          0          0        140   am_hal_sysctrl.o
       108         26          0          0          0        116   am_hal_tpiu.o
      2406         82          0          0        736       1292   am_hal_uart.o
       232         26          0          0          0        388   am_hal_utils.o

    ----------------------------------------------------------------------
      8246        534        540        103       2880       7684   Library Totals
        12          0          0          2          0          0   (incl. Padding)

    ----------------------------------------------------------------------

      Code (inc. data)   RO Data    RW Data    ZI Data      Debug   Library Name

       352         16          0          0         96        788   c_w.l
       274          8          0          0          0        512   fz_wm.l
       686         74         44         20       2048        548   libam_bsp.lib
      6922        436        496         81        736       5836   libam_hal.lib

    ----------------------------------------------------------------------
      8246        534        540        103       2880       7684   Library Totals

    ----------------------------------------------------------------------

==============================================================================


      Code (inc. data)   RO Data    RW Data    ZI Data      Debug   

     11308       1318        720        200       8016      32753   Grand Totals
     11308       1318        720        200       8016      32753   ELF Image Totals
     11308       1318        720        200          0          0   ROM Totals

==============================================================================

    Total RO  Size (Code + RO Data)                12028 (  11.75kB)
    Total RW  Size (RW Data + ZI Data)              8216 (   8.02kB)
    Total ROM Size (Code + RO Data + RW Data)      12228 (  11.94kB)

==============================================================================

